<html>
<body>
<pre>
<h1>µVision Build Log</h1>
<h2>Project:</h2>
C:\Users\Lenovo\Desktop\programming\project-files\stm3210c-skeleton.uvproj
Project File Date:  05/15/2012

<h2>Output:</h2>
compiling main.c...
Firmware\assert.h(8): warning:  #47-D: incompatible redefinition of macro "assert_param" (declared at line 71 of "Firmware\inc\stm32f10x_conf.h")
main.c(107): warning:  #1-D: last line of file ends without a newline
main.c - 0 Error(s), 2 Warning(s).
compiling main.c...
Firmware\assert.h(8): warning:  #47-D: incompatible redefinition of macro "assert_param" (declared at line 71 of "Firmware\inc\stm32f10x_conf.h")
main.c(104): warning:  #1-D: last line of file ends without a newline
main.c - 0 Error(s), 2 Warning(s).
Rebuild target 'Target 1'
assembling STM32F10x.s...
compiling stm32f10x_gpio.c...
Firmware\assert.h(8): warning:  #47-D: incompatible redefinition of macro "assert_param" (declared at line 71 of "Firmware\inc\stm32f10x_conf.h")
compiling stm32f10x_rcc.c...
Firmware\assert.h(8): warning:  #47-D: incompatible redefinition of macro "assert_param" (declared at line 71 of "Firmware\inc\stm32f10x_conf.h")
compiling stm3210c_eval_ioe.c...
compiling stm32f10x_i2c.c...
Firmware\assert.h(8): warning:  #47-D: incompatible redefinition of macro "assert_param" (declared at line 71 of "Firmware\inc\stm32f10x_conf.h")
compiling stm32f10x_exti.c...
Firmware\assert.h(8): warning:  #47-D: incompatible redefinition of macro "assert_param" (declared at line 71 of "Firmware\inc\stm32f10x_conf.h")
compiling misc.c...
Firmware\assert.h(8): warning:  #47-D: incompatible redefinition of macro "assert_param" (declared at line 71 of "Firmware\inc\stm32f10x_conf.h")
compiling GLCD.c...
compiling i2c_ee.c...
compiling system_stm32f10x.c...
compiling setup.c...
compiling main.c...
Firmware\assert.h(8): warning:  #47-D: incompatible redefinition of macro "assert_param" (declared at line 71 of "Firmware\inc\stm32f10x_conf.h")
main.c(104): warning:  #1-D: last line of file ends without a newline
compiling screen.c...
Firmware\assert.h(8): warning:  #47-D: incompatible redefinition of macro "assert_param" (declared at line 71 of "Firmware\inc\stm32f10x_conf.h")
compiling screen_test.c...
Firmware\assert.h(8): warning:  #47-D: incompatible redefinition of macro "assert_param" (declared at line 71 of "Firmware\inc\stm32f10x_conf.h")
compiling alarm.c...
compiling alarm_test.c...
compiling master_alarm.c...
compiling configure_alarm.c...
compiling led_display.c...
Firmware\assert.h(8): warning:  #47-D: incompatible redefinition of macro "assert_param" (declared at line 71 of "Firmware\inc\stm32f10x_conf.h")
compiling door1sensor.c...
compiling door2sensor.c...
compiling heap_2.c...
compiling list.c...
compiling port.c...
compiling queue.c...
compiling tasks.c...
linking...
Program Size: Code=23328 RO-data=272 RW-data=5552 ZI-data=57032  
".\bin\stm3210c-alarm.axf" - 0 Error(s), 10 Warning(s).
compiling main.c...
Firmware\stm32f10x.h(7812): error:  #5: cannot open source input file "stm32f10x_conf.h": No such file or directory
main.c - 1 Error(s), 0 Warning(s).
compiling main.c...
main.c(104): warning:  #1-D: last line of file ends without a newline
main.c - 0 Error(s), 1 Warning(s).
compiling main.c...
main.c(71): warning:  #1-D: last line of file ends without a newline
main.c - 0 Error(s), 1 Warning(s).
compiling main.c...
main.c - 0 Error(s), 0 Warning(s).
compiling main.c...
main.c - 0 Error(s), 0 Warning(s).
Build target 'Target 1'
compiling stm32f10x_gpio.c...
compiling stm32f10x_rcc.c...
compiling stm32f10x_i2c.c...
compiling stm32f10x_exti.c...
compiling misc.c...
compiling screen.c...
compiling screen_test.c...
compiling led_display.c...
linking...
.\bin\stm3210c-alarm.axf: Error: L6218E: Undefined symbol __aeabi_assert (referred from main.o).
Target not created
compiling main.c...
Firmware\assert.h(8): warning:  #47-D: incompatible redefinition of macro "assert_param" (declared at line 71 of "Firmware\inc\stm32f10x_conf.h")
main.c - 0 Error(s), 1 Warning(s).
compiling main.c...
main.c - 0 Error(s), 0 Warning(s).
Build target 'Target 1'
linking...
Program Size: Code=18136 RO-data=272 RW-data=5552 ZI-data=57032  
".\bin\stm3210c-alarm.axf" - 0 Error(s), 0 Warning(s).
Rebuild target 'Target 1'
assembling STM32F10x.s...
compiling stm32f10x_gpio.c...
compiling stm32f10x_rcc.c...
compiling stm3210c_eval_ioe.c...
compiling stm32f10x_i2c.c...
compiling stm32f10x_exti.c...
compiling misc.c...
compiling GLCD.c...
compiling i2c_ee.c...
compiling system_stm32f10x.c...
compiling setup.c...
compiling main.c...
compiling screen.c...
compiling screen_test.c...
compiling alarm.c...
compiling alarm_test.c...
compiling master_alarm.c...
compiling configure_alarm.c...
compiling led_display.c...
compiling door1sensor.c...
compiling door2sensor.c...
compiling heap_2.c...
compiling list.c...
compiling port.c...
compiling queue.c...
compiling tasks.c...
linking...
Program Size: Code=18136 RO-data=272 RW-data=5552 ZI-data=57032  
".\bin\stm3210c-alarm.axf" - 0 Error(s), 0 Warning(s).
Load "C:\\Users\\Lenovo\\Desktop\\programming\\project-files\\bin\\stm3210c-alarm.AXF" 
Load "C:\\Users\\Lenovo\\Desktop\\programming\\project-files\\bin\\stm3210c-alarm.AXF" 
compiling main.c...
main.c(104): warning:  #1-D: last line of file ends without a newline
main.c - 0 Error(s), 1 Warning(s).
Build target 'Target 1'
linking...
Program Size: Code=18140 RO-data=272 RW-data=5552 ZI-data=57032  
".\bin\stm3210c-alarm.axf" - 0 Error(s), 0 Warning(s).
Load "C:\\Users\\Lenovo\\Desktop\\programming\\project-files\\bin\\stm3210c-alarm.AXF" 
compiling main.c...
main.c - 0 Error(s), 0 Warning(s).
Rebuild target 'Target 1'
assembling STM32F10x.s...
compiling stm32f10x_gpio.c...
compiling stm32f10x_rcc.c...
compiling stm3210c_eval_ioe.c...
compiling stm32f10x_i2c.c...
compiling stm32f10x_exti.c...
compiling misc.c...
compiling GLCD.c...
compiling i2c_ee.c...
compiling system_stm32f10x.c...
compiling setup.c...
compiling main.c...
compiling screen.c...
compiling screen_test.c...
compiling alarm.c...
compiling alarm_test.c...
compiling master_alarm.c...
compiling configure_alarm.c...
compiling led_display.c...
compiling door1sensor.c...
compiling door2sensor.c...
compiling heap_2.c...
compiling list.c...
compiling port.c...
compiling queue.c...
compiling tasks.c...
linking...
Program Size: Code=18136 RO-data=272 RW-data=5552 ZI-data=57032  
".\bin\stm3210c-alarm.axf" - 0 Error(s), 0 Warning(s).
Load "C:\\Users\\Lenovo\\Desktop\\programming\\project-files\\bin\\stm3210c-alarm.AXF" 
compiling main.c...
main.c(110): warning:  #1-D: last line of file ends without a newline
main.c - 0 Error(s), 1 Warning(s).
Rebuild target 'Target 1'
assembling STM32F10x.s...
compiling stm32f10x_gpio.c...
compiling stm32f10x_rcc.c...
compiling stm3210c_eval_ioe.c...
compiling stm32f10x_i2c.c...
compiling stm32f10x_exti.c...
compiling misc.c...
compiling GLCD.c...
compiling i2c_ee.c...
compiling system_stm32f10x.c...
compiling setup.c...
compiling main.c...
main.c(110): warning:  #1-D: last line of file ends without a newline
compiling screen.c...
compiling screen_test.c...
compiling alarm.c...
compiling alarm_test.c...
compiling master_alarm.c...
compiling configure_alarm.c...
compiling led_display.c...
compiling door1sensor.c...
compiling door2sensor.c...
compiling heap_2.c...
compiling list.c...
compiling port.c...
compiling queue.c...
compiling tasks.c...
linking...
Program Size: Code=18144 RO-data=272 RW-data=5552 ZI-data=57032  
".\bin\stm3210c-alarm.axf" - 0 Error(s), 1 Warning(s).
Load "C:\\Users\\Lenovo\\Desktop\\programming\\project-files\\bin\\stm3210c-alarm.AXF" 
compiling main.c...
Firmware\assert.h(8): warning:  #47-D: incompatible redefinition of macro "assert_param" (declared at line 71 of "Firmware\inc\stm32f10x_conf.h")
main.c(110): warning:  #1-D: last line of file ends without a newline
main.c - 0 Error(s), 2 Warning(s).
Build target 'Target 1'
compiling stm32f10x_gpio.c...
Firmware\assert.h(8): warning:  #47-D: incompatible redefinition of macro "assert_param" (declared at line 71 of "Firmware\inc\stm32f10x_conf.h")
compiling stm32f10x_rcc.c...
Firmware\assert.h(8): warning:  #47-D: incompatible redefinition of macro "assert_param" (declared at line 71 of "Firmware\inc\stm32f10x_conf.h")
compiling stm32f10x_i2c.c...
Firmware\assert.h(8): warning:  #47-D: incompatible redefinition of macro "assert_param" (declared at line 71 of "Firmware\inc\stm32f10x_conf.h")
compiling stm32f10x_exti.c...
Firmware\assert.h(8): warning:  #47-D: incompatible redefinition of macro "assert_param" (declared at line 71 of "Firmware\inc\stm32f10x_conf.h")
compiling misc.c...
Firmware\assert.h(8): warning:  #47-D: incompatible redefinition of macro "assert_param" (declared at line 71 of "Firmware\inc\stm32f10x_conf.h")
compiling screen.c...
Firmware\assert.h(8): warning:  #47-D: incompatible redefinition of macro "assert_param" (declared at line 71 of "Firmware\inc\stm32f10x_conf.h")
compiling screen_test.c...
Firmware\assert.h(8): warning:  #47-D: incompatible redefinition of macro "assert_param" (declared at line 71 of "Firmware\inc\stm32f10x_conf.h")
compiling led_display.c...
Firmware\assert.h(8): warning:  #47-D: incompatible redefinition of macro "assert_param" (declared at line 71 of "Firmware\inc\stm32f10x_conf.h")
linking...
Program Size: Code=23332 RO-data=272 RW-data=5552 ZI-data=57032  
".\bin\stm3210c-alarm.axf" - 0 Error(s), 8 Warning(s).
Load "C:\\Users\\Lenovo\\Desktop\\programming\\project-files\\bin\\stm3210c-alarm.AXF" 
compiling main.c...
Firmware\assert.h(8): warning:  #47-D: incompatible redefinition of macro "assert_param" (declared at line 71 of "Firmware\inc\stm32f10x_conf.h")
main.c(110): warning:  #1-D: last line of file ends without a newline
main.c - 0 Error(s), 2 Warning(s).
Build target 'Target 1'
linking...
Program Size: Code=23328 RO-data=272 RW-data=5552 ZI-data=57032  
".\bin\stm3210c-alarm.axf" - 0 Error(s), 0 Warning(s).
Load "C:\\Users\\Lenovo\\Desktop\\programming\\project-files\\bin\\stm3210c-alarm.AXF" 
compiling main.c...
Firmware\assert.h(8): warning:  #47-D: incompatible redefinition of macro "assert_param" (declared at line 71 of "Firmware\inc\stm32f10x_conf.h")
main.c(70): warning:  #1-D: last line of file ends without a newline
main.c - 0 Error(s), 2 Warning(s).
compiling main.c...
main.c(70): warning:  #1-D: last line of file ends without a newline
main.c - 0 Error(s), 1 Warning(s).
compiling main.c...
main.c - 0 Error(s), 0 Warning(s).
Rebuild target 'Target 1'
assembling STM32F10x.s...
compiling stm32f10x_gpio.c...
compiling stm32f10x_rcc.c...
compiling stm3210c_eval_ioe.c...
compiling stm32f10x_i2c.c...
compiling stm32f10x_exti.c...
compiling misc.c...
compiling GLCD.c...
compiling i2c_ee.c...
compiling system_stm32f10x.c...
compiling setup.c...
compiling main.c...
compiling screen.c...
compiling screen_test.c...
compiling alarm.c...
compiling alarm_test.c...
compiling master_alarm.c...
compiling configure_alarm.c...
compiling led_display.c...
compiling door1sensor.c...
compiling door2sensor.c...
compiling heap_2.c...
compiling list.c...
compiling port.c...
compiling queue.c...
compiling tasks.c...
linking...
Program Size: Code=23324 RO-data=272 RW-data=5552 ZI-data=57032  
".\bin\stm3210c-alarm.axf" - 0 Error(s), 0 Warning(s).
Load "C:\\Users\\Lenovo\\Desktop\\programming\\project-files\\bin\\stm3210c-alarm.AXF" 
compiling configure_alarm.c...
configure_alarm.c - 0 Error(s), 0 Warning(s).
Build target 'Target 1'
linking...
Program Size: Code=23328 RO-data=272 RW-data=5552 ZI-data=57032  
".\bin\stm3210c-alarm.axf" - 0 Error(s), 0 Warning(s).
Load "C:\\Users\\Lenovo\\Desktop\\programming\\project-files\\bin\\stm3210c-alarm.AXF" 
compiling configure_alarm.c...
configure_alarm.c - 0 Error(s), 0 Warning(s).
Build target 'Target 1'
linking...
Program Size: Code=23328 RO-data=272 RW-data=5552 ZI-data=57032  
".\bin\stm3210c-alarm.axf" - 0 Error(s), 0 Warning(s).
Load "C:\\Users\\Lenovo\\Desktop\\programming\\project-files\\bin\\stm3210c-alarm.AXF" 
compiling configure_alarm.c...
configure_alarm.c - 0 Error(s), 0 Warning(s).
Build target 'Target 1'
linking...
Program Size: Code=23328 RO-data=272 RW-data=5552 ZI-data=57032  
".\bin\stm3210c-alarm.axf" - 0 Error(s), 0 Warning(s).
Load "C:\\Users\\Lenovo\\Desktop\\programming\\project-files\\bin\\stm3210c-alarm.AXF" 
compiling configure_alarm.c...
configure_alarm.c - 0 Error(s), 0 Warning(s).
Build target 'Target 1'
linking...
Program Size: Code=23324 RO-data=272 RW-data=5552 ZI-data=57032  
".\bin\stm3210c-alarm.axf" - 0 Error(s), 0 Warning(s).
Load "C:\\Users\\Lenovo\\Desktop\\programming\\project-files\\bin\\stm3210c-alarm.AXF" 
compiling master_alarm.c...
master_alarm.c - 0 Error(s), 0 Warning(s).
Build target 'Target 1'
compiling configure_alarm.c...
linking...
Program Size: Code=23320 RO-data=272 RW-data=5548 ZI-data=57036  
".\bin\stm3210c-alarm.axf" - 0 Error(s), 0 Warning(s).
Load "C:\\Users\\Lenovo\\Desktop\\programming\\project-files\\bin\\stm3210c-alarm.AXF" 
Load "C:\\Users\\Lenovo\\Desktop\\programming\\project-files\\bin\\stm3210c-alarm.AXF" 
compiling configure_alarm.c...
configure_alarm.c - 0 Error(s), 0 Warning(s).
compiling configure_alarm.c...
configure_alarm.c - 0 Error(s), 0 Warning(s).
Build target 'Target 1'
linking...
Program Size: Code=23328 RO-data=272 RW-data=5552 ZI-data=57032  
".\bin\stm3210c-alarm.axf" - 0 Error(s), 0 Warning(s).
Load "C:\\Users\\Lenovo\\Desktop\\programming\\project-files\\bin\\stm3210c-alarm.AXF" 
compiling configure_alarm.c...
configure_alarm.c - 0 Error(s), 0 Warning(s).
Build target 'Target 1'
linking...
Program Size: Code=23324 RO-data=272 RW-data=5552 ZI-data=57032  
".\bin\stm3210c-alarm.axf" - 0 Error(s), 0 Warning(s).
Load "C:\\Users\\Lenovo\\Desktop\\programming\\project-files\\bin\\stm3210c-alarm.AXF" 
compiling configure_alarm.c...
configure_alarm.c - 0 Error(s), 0 Warning(s).
Build target 'Target 1'
linking...
Program Size: Code=23328 RO-data=272 RW-data=5552 ZI-data=57032  
".\bin\stm3210c-alarm.axf" - 0 Error(s), 0 Warning(s).
Load "C:\\Users\\Lenovo\\Desktop\\programming\\project-files\\bin\\stm3210c-alarm.AXF" 
compiling configure_alarm.c...
configure_alarm.c - 0 Error(s), 0 Warning(s).
Build target 'Target 1'
linking...
Program Size: Code=23340 RO-data=272 RW-data=5552 ZI-data=57032  
".\bin\stm3210c-alarm.axf" - 0 Error(s), 0 Warning(s).
Load "C:\\Users\\Lenovo\\Desktop\\programming\\project-files\\bin\\stm3210c-alarm.AXF" 
compiling main.c...
main.c - 0 Error(s), 0 Warning(s).
Build target 'Target 1'
compiling master_alarm.c...
configure_alarm.h(25): error:  #20: identifier "Tx1_Buffer" is undefined
compiling configure_alarm.c...
configure_alarm.h(25): error:  #20: identifier "Tx1_Buffer" is undefined
Target not created
compiling main.c...
main.c - 0 Error(s), 0 Warning(s).
Build target 'Target 1'
compiling master_alarm.c...
configure_alarm.h(25): error:  #20: identifier "Tx1_Buffer" is undefined
compiling configure_alarm.c...
configure_alarm.h(25): error:  #20: identifier "Tx1_Buffer" is undefined
Target not created
Build target 'Target 1'
compiling master_alarm.c...
compiling configure_alarm.c...
linking...
.\bin\stm3210c-alarm.axf: Error: L6200E: Symbol Buffer multiply defined (by configure_alarm.o and master_alarm.o).
.\bin\stm3210c-alarm.axf: Error: L6200E: Symbol Rx1_Buffer multiply defined (by configure_alarm.o and master_alarm.o).
.\bin\stm3210c-alarm.axf: Error: L6200E: Symbol TransferStatus multiply defined (by configure_alarm.o and master_alarm.o).
.\bin\stm3210c-alarm.axf: Error: L6200E: Symbol Tx1_Buffer multiply defined (by configure_alarm.o and master_alarm.o).
.\bin\stm3210c-alarm.axf: Error: L6200E: Symbol flag multiply defined (by configure_alarm.o and master_alarm.o).
Target not created
compiling configure_alarm.c...
configure_alarm.c(25): warning:  #47-D: incompatible redefinition of macro "BufferSize" (declared at line 18 of "configure_alarm.h")
configure_alarm.c(28): error:  #20: identifier "countof" is undefined
configure_alarm.c(28): error:  #59: function call is not allowed in a constant expression
configure_alarm.c(28): error:  #28: expression must have a constant value
configure_alarm.c(29): error:  #59: function call is not allowed in a constant expression
configure_alarm.c(29): error:  #28: expression must have a constant value
configure_alarm.c - 5 Error(s), 1 Warning(s).
compiling main.c...
main.c - 0 Error(s), 0 Warning(s).
Build target 'Target 1'
compiling master_alarm.c...
compiling configure_alarm.c...
linking...
Program Size: Code=23332 RO-data=272 RW-data=5552 ZI-data=57032  
".\bin\stm3210c-alarm.axf" - 0 Error(s), 0 Warning(s).
Load "C:\\Users\\Lenovo\\Desktop\\programming\\project-files\\bin\\stm3210c-alarm.AXF" 
Build target 'Target 1'
compiling configure_alarm.c...
linking...
Program Size: Code=23332 RO-data=272 RW-data=5552 ZI-data=57032  
".\bin\stm3210c-alarm.axf" - 0 Error(s), 0 Warning(s).
Load "C:\\Users\\Lenovo\\Desktop\\programming\\project-files\\bin\\stm3210c-alarm.AXF" 
compiling configure_alarm.c...
configure_alarm.c - 0 Error(s), 0 Warning(s).
Build target 'Target 1'
linking...
Program Size: Code=23340 RO-data=272 RW-data=5552 ZI-data=57032  
".\bin\stm3210c-alarm.axf" - 0 Error(s), 0 Warning(s).
Load "C:\\Users\\Lenovo\\Desktop\\programming\\project-files\\bin\\stm3210c-alarm.AXF" 
compiling configure_alarm.c...
configure_alarm.c - 0 Error(s), 0 Warning(s).
Build target 'Target 1'
linking...
Program Size: Code=23344 RO-data=272 RW-data=5556 ZI-data=57036  
".\bin\stm3210c-alarm.axf" - 0 Error(s), 0 Warning(s).
Load "C:\\Users\\Lenovo\\Desktop\\programming\\project-files\\bin\\stm3210c-alarm.AXF" 
compiling configure_alarm.c...
configure_alarm.c - 0 Error(s), 0 Warning(s).
Build target 'Target 1'
linking...
Program Size: Code=23340 RO-data=272 RW-data=5556 ZI-data=57036  
".\bin\stm3210c-alarm.axf" - 0 Error(s), 0 Warning(s).
Load "C:\\Users\\Lenovo\\Desktop\\programming\\project-files\\bin\\stm3210c-alarm.AXF" 
compiling configure_alarm.c...
configure_alarm.c - 0 Error(s), 0 Warning(s).
Build target 'Target 1'
linking...
Program Size: Code=23340 RO-data=272 RW-data=5556 ZI-data=57036  
".\bin\stm3210c-alarm.axf" - 0 Error(s), 0 Warning(s).
Load "C:\\Users\\Lenovo\\Desktop\\programming\\project-files\\bin\\stm3210c-alarm.AXF" 
compiling main.c...
main.c - 0 Error(s), 0 Warning(s).
Build target 'Target 1'
compiling master_alarm.c...
compiling configure_alarm.c...
linking...
Program Size: Code=23336 RO-data=272 RW-data=5556 ZI-data=57036  
".\bin\stm3210c-alarm.axf" - 0 Error(s), 0 Warning(s).
Load "C:\\Users\\Lenovo\\Desktop\\programming\\project-files\\bin\\stm3210c-alarm.AXF" 
compiling configure_alarm.c...
configure_alarm.c - 0 Error(s), 0 Warning(s).
Build target 'Target 1'
linking...
Program Size: Code=23332 RO-data=272 RW-data=5556 ZI-data=57036  
".\bin\stm3210c-alarm.axf" - 0 Error(s), 0 Warning(s).
Load "C:\\Users\\Lenovo\\Desktop\\programming\\project-files\\bin\\stm3210c-alarm.AXF" 
compiling configure_alarm.c...
configure_alarm.c - 0 Error(s), 0 Warning(s).
Build target 'Target 1'
linking...
Program Size: Code=23340 RO-data=272 RW-data=5556 ZI-data=57036  
".\bin\stm3210c-alarm.axf" - 0 Error(s), 0 Warning(s).
Load "C:\\Users\\Lenovo\\Desktop\\programming\\project-files\\bin\\stm3210c-alarm.AXF" 
compiling master_alarm.c...
master_alarm.c - 0 Error(s), 0 Warning(s).
Build target 'Target 1'
compiling configure_alarm.c...
configure_alarm.c(28): error:  #20: identifier "countof" is undefined
configure_alarm.c(28): error:  #59: function call is not allowed in a constant expression
configure_alarm.c(28): error:  #28: expression must have a constant value
configure_alarm.c(29): error:  #59: function call is not allowed in a constant expression
configure_alarm.c(29): error:  #28: expression must have a constant value
Target not created
compiling configure_alarm.c...
configure_alarm.c - 0 Error(s), 0 Warning(s).
Build target 'Target 1'
compiling master_alarm.c...
linking...
Program Size: Code=23332 RO-data=272 RW-data=5556 ZI-data=57036  
".\bin\stm3210c-alarm.axf" - 0 Error(s), 0 Warning(s).
Load "C:\\Users\\Lenovo\\Desktop\\programming\\project-files\\bin\\stm3210c-alarm.AXF" 
compiling configure_alarm.c...
configure_alarm.c - 0 Error(s), 0 Warning(s).
Build target 'Target 1'
compiling master_alarm.c...
linking...
.\bin\stm3210c-alarm.axf: Error: L6200E: Symbol Tx1_Buffer multiply defined (by configure_alarm.o and master_alarm.o).
Target not created
compiling configure_alarm.c...
configure_alarm.c - 0 Error(s), 0 Warning(s).
Build target 'Target 1'
compiling master_alarm.c...
master_alarm.c(29): error:  #20: identifier "Tx1_Buffer" is undefined
Target not created
compiling main.c...
main.c - 0 Error(s), 0 Warning(s).
Build target 'Target 1'
compiling master_alarm.c...
compiling configure_alarm.c...
linking...
Program Size: Code=23340 RO-data=272 RW-data=5556 ZI-data=57036  
".\bin\stm3210c-alarm.axf" - 0 Error(s), 0 Warning(s).
Load "C:\\Users\\Lenovo\\Desktop\\programming\\project-files\\bin\\stm3210c-alarm.AXF" 
compiling configure_alarm.c...
configure_alarm.c - 0 Error(s), 0 Warning(s).
Build target 'Target 1'
compiling master_alarm.c...
linking...
Program Size: Code=23332 RO-data=272 RW-data=5560 ZI-data=57032  
".\bin\stm3210c-alarm.axf" - 0 Error(s), 0 Warning(s).
Load "C:\\Users\\Lenovo\\Desktop\\programming\\project-files\\bin\\stm3210c-alarm.AXF" 
compiling configure_alarm.c...
configure_alarm.c - 0 Error(s), 0 Warning(s).
Build target 'Target 1'
linking...
Program Size: Code=23332 RO-data=272 RW-data=5560 ZI-data=57032  
".\bin\stm3210c-alarm.axf" - 0 Error(s), 0 Warning(s).
Load "C:\\Users\\Lenovo\\Desktop\\programming\\project-files\\bin\\stm3210c-alarm.AXF" 
compiling configure_alarm.c...
configure_alarm.c - 0 Error(s), 0 Warning(s).
Build target 'Target 1'
linking...
Program Size: Code=23320 RO-data=272 RW-data=5560 ZI-data=57032  
".\bin\stm3210c-alarm.axf" - 0 Error(s), 0 Warning(s).
Load "C:\\Users\\Lenovo\\Desktop\\programming\\project-files\\bin\\stm3210c-alarm.AXF" 
compiling master_alarm.c...
master_alarm.c - 0 Error(s), 0 Warning(s).
Build target 'Target 1'
linking...
Program Size: Code=23320 RO-data=272 RW-data=5560 ZI-data=57032  
".\bin\stm3210c-alarm.axf" - 0 Error(s), 0 Warning(s).
Load "C:\\Users\\Lenovo\\Desktop\\programming\\project-files\\bin\\stm3210c-alarm.AXF" 
