<html>
<body>
<pre>
<h1>µVision Build Log</h1>
<h2>Project:</h2>
C:\Users\Sven\Documents\Embedded\Project\project-files\stm3210c-skeleton.uvproj
Project File Date:  04/02/2012

<h2>Output:</h2>
Rebuild target 'Target 1'
assembling STM32F10x.s...
compiling system_stm32f10x_cl.c...
compiling stm32f10x_gpio.c...
compiling stm32f10x_rcc.c...
compiling stm3210c_eval_ioe.c...
compiling stm32f10x_i2c.c...
compiling stm32f10x_exti.c...
compiling misc.c...
compiling GLCD.c...
compiling setup.c...
compiling main.c...
global.h(12): error:  #40: expected an identifier
compiling heap_2.c...
compiling list.c...
compiling port.c...
compiling queue.c...
compiling tasks.c...
Target not created
Rebuild target 'Target 1'
assembling STM32F10x.s...
compiling system_stm32f10x_cl.c...
compiling stm32f10x_gpio.c...
compiling stm32f10x_rcc.c...
compiling stm3210c_eval_ioe.c...
compiling stm32f10x_i2c.c...
compiling stm32f10x_exti.c...
compiling misc.c...
compiling GLCD.c...
compiling setup.c...
compiling main.c...
compiling heap_2.c...
compiling list.c...
compiling port.c...
compiling queue.c...
compiling tasks.c...
linking...
.\bin\stm3210c-alarm.axf: Error: L6218E: Undefined symbol initDisplay (referred from main.o).
.\bin\stm3210c-alarm.axf: Error: L6218E: Undefined symbol lcdTest (referred from main.o).
Target not created
Rebuild target 'Target 1'
assembling STM32F10x.s...
compiling system_stm32f10x_cl.c...
compiling stm32f10x_gpio.c...
compiling stm32f10x_rcc.c...
compiling stm3210c_eval_ioe.c...
compiling stm32f10x_i2c.c...
compiling stm32f10x_exti.c...
compiling misc.c...
compiling GLCD.c...
compiling setup.c...
compiling main.c...
compiling screen.c...
compiling screen_test.c...
compiling heap_2.c...
compiling list.c...
compiling port.c...
compiling queue.c...
compiling tasks.c...
linking...
Program Size: Code=21776 RO-data=336 RW-data=5540 ZI-data=57036  
".\bin\stm3210c-alarm.axf" - 0 Error(s), 0 Warning(s).
