ARM Linker, 4.1 [Build 894] [Evaluation]

==============================================================================

Section Cross References

    stm32f10x.o(RESET) refers to stm32f10x.o(STACK) for __initial_sp
    stm32f10x.o(RESET) refers to stm32f10x.o(.text) for Reset_Handler
    stm32f10x.o(RESET) refers to port.o(.emb_text) for vPortSVCHandler
    stm32f10x.o(RESET) refers to port.o(.text) for xPortSysTickHandler
    stm32f10x.o(.text) refers to entry.o(.ARM.Collect$$$$00000000) for __main
    stm32f10x_gpio.o(.text) refers to setup.o(.text) for assert_failed
    stm32f10x_gpio.o(.text) refers to stm32f10x_rcc.o(.text) for RCC_APB2PeriphResetCmd
    stm32f10x_rcc.o(.text) refers to setup.o(.text) for assert_failed
    stm32f10x_rcc.o(.text) refers to stm32f10x_rcc.o(.data) for .data
    stm3210c_eval_ioe.o(.text) refers to stm32f10x_i2c.o(.text) for I2C_Init
    stm3210c_eval_ioe.o(.text) refers to stm3210c_eval_ioe.o(.data) for .data
    stm3210c_eval_ioe.o(.text) refers to stm32f10x_rcc.o(.text) for RCC_APB1PeriphClockCmd
    stm3210c_eval_ioe.o(.text) refers to stm32f10x_gpio.o(.text) for GPIO_Init
    stm3210c_eval_ioe.o(.text) refers to stm32f10x_exti.o(.text) for EXTI_Init
    stm3210c_eval_ioe.o(.text) refers to misc.o(.text) for NVIC_Init
    stm32f10x_i2c.o(.text) refers to setup.o(.text) for assert_failed
    stm32f10x_i2c.o(.text) refers to stm32f10x_rcc.o(.text) for RCC_APB1PeriphResetCmd
    stm32f10x_exti.o(.text) refers to setup.o(.text) for assert_failed
    misc.o(.text) refers to setup.o(.text) for assert_failed
    glcd.o(.text) refers to glcd.o(.data) for .data
    i2c_ee.o(.text) refers to stm32f10x_gpio.o(.text) for GPIO_Init
    i2c_ee.o(.text) refers to stm32f10x_i2c.o(.text) for I2C_Cmd
    i2c_ee.o(.text) refers to stm32f10x_rcc.o(.text) for RCC_APB1PeriphClockCmd
    i2c_ee.o(.text) refers to i2c_ee.o(.data) for .data
    setup.o(.text) refers to system_stm32f10x.o(.text) for SystemInit
    setup.o(.text) refers to printf3.o(i.__0printf$3) for __2printf
    setup.o(.text) refers to system_stm32f10x.o(.constdata) for SystemFrequency
    main.o(.text) refers to setup.o(.text) for prvSetupHardware
    main.o(.text) refers to i2c_ee.o(.text) for I2C_EE_Init
    main.o(.text) refers to stm3210c_eval_ioe.o(.text) for IOE_Config
    main.o(.text) refers to screen.o(.text) for initDisplay
    main.o(.text) refers to led_display.o(.text) for setupLED
    main.o(.text) refers to queue.o(.text) for xQueueCreate
    main.o(.text) refers to alarm.o(.text) for setupAlarm
    main.o(.text) refers to door1sensor.o(.text) for setupDoor1Sensor
    main.o(.text) refers to door2sensor.o(.text) for setupDoor2Sensor
    main.o(.text) refers to master_alarm.o(.text) for setupMasterAlarm
    main.o(.text) refers to tasks.o(.text) for vTaskStartScheduler
    main.o(.text) refers to main.o(.data) for .data
    screen.o(.text) refers to queue.o(.text) for xQueueCreateMutex
    screen.o(.text) refers to glcd.o(.text) for GLCD_init
    screen.o(.text) refers to tasks.o(.text) for vTaskDelay
    screen.o(.text) refers to stm3210c_eval_ioe.o(.text) for IOE_TS_GetState
    screen.o(.text) refers to screen.o(.data) for .data
    screen_test.o(.text) refers to memcpya.o(.text) for __aeabi_memcpy4
    screen_test.o(.text) refers to screen.o(.text) for screenClear
    screen_test.o(.text) refers to printf3.o(i.__0sprintf$3) for __2sprintf
    screen_test.o(.text) refers to tasks.o(.text) for vTaskDelay
    screen_test.o(.text) refers to screen_test.o(.constdata) for .constdata
    alarm.o(.text) refers to queue.o(.text) for xQueueGenericReceive
    alarm.o(.text) refers to screen.o(.text) for screenOutputText
    alarm.o(.text) refers to tasks.o(.text) for vTaskDelay
    alarm.o(.text) refers to stm32f10x_gpio.o(.text) for GPIO_WriteBit
    alarm.o(.text) refers to main.o(.data) for alarmEventQueue
    alarm.o(.text) refers to alarm.o(.data) for .data
    alarm.o(.text) refers to led_display.o(.data) for toUseLED
    alarm_test.o(.text) refers to tasks.o(.text) for vTaskDelay
    alarm_test.o(.text) refers to queue.o(.text) for xQueueGenericSend
    alarm_test.o(.text) refers to main.o(.data) for alarmEventQueue
    master_alarm.o(.text) refers to memcpya.o(.text) for __aeabi_memcpy4
    master_alarm.o(.text) refers to screen.o(.text) for screenQueryNumber
    master_alarm.o(.text) refers to configure_alarm.o(.text) for Int2Buf
    master_alarm.o(.text) refers to i2c_ee.o(.text) for I2C_EE_BufferRead
    master_alarm.o(.text) refers to queue.o(.text) for xQueueGenericSend
    master_alarm.o(.text) refers to tasks.o(.text) for vTaskDelay
    master_alarm.o(.text) refers to alarm.o(.data) for allowedTime
    master_alarm.o(.text) refers to led_display.o(.data) for toUseLED
    master_alarm.o(.text) refers to main.o(.data) for alarmEventQueue
    master_alarm.o(.text) refers to master_alarm.o(.data) for .data
    configure_alarm.o(.text) refers to memcpya.o(.text) for __aeabi_memcpy4
    configure_alarm.o(.text) refers to i2c_ee.o(.text) for I2C_EE_BufferRead
    configure_alarm.o(.text) refers to screen.o(.text) for screenQueryNumber
    configure_alarm.o(.text) refers to tasks.o(.text) for vTaskDelay
    configure_alarm.o(.text) refers to configure_alarm.o(.data) for .data
    led_display.o(.text) refers to tasks.o(.text) for vTaskDelay
    led_display.o(.text) refers to led_display.o(.data) for .data
    door1sensor.o(.text) refers to stm32f10x_gpio.o(.text) for GPIO_WriteBit
    door1sensor.o(.text) refers to tasks.o(.text) for vTaskDelay
    door1sensor.o(.text) refers to queue.o(.text) for xQueueGenericSend
    door1sensor.o(.text) refers to alarm.o(.data) for alarmActive
    door1sensor.o(.text) refers to main.o(.data) for alarmEventQueue
    door2sensor.o(.text) refers to stm32f10x_gpio.o(.text) for GPIO_WriteBit
    door2sensor.o(.text) refers to tasks.o(.text) for vTaskDelay
    door2sensor.o(.text) refers to queue.o(.text) for xQueueGenericSend
    door2sensor.o(.text) refers to alarm.o(.data) for alarmActive
    door2sensor.o(.text) refers to main.o(.data) for alarmEventQueue
    heap_2.o(.text) refers to tasks.o(.text) for vTaskSuspendAll
    heap_2.o(.text) refers to heap_2.o(.data) for .data
    heap_2.o(.text) refers to heap_2.o(.bss) for .bss
    port.o(.emb_text) refers to tasks.o(.text) for vTaskSwitchContext
    port.o(.emb_text) refers to tasks.o(.data) for pxCurrentTCB
    port.o(.text) refers to port.o(.emb_text) for vPortStartFirstTask
    port.o(.text) refers to tasks.o(.text) for vTaskIncrementTick
    port.o(.text) refers to port.o(.data) for .data
    queue.o(.text) refers to heap_2.o(.text) for pvPortMalloc
    queue.o(.text) refers to list.o(.text) for vListInitialise
    queue.o(.text) refers to port.o(.text) for vPortEnterCritical
    queue.o(.text) refers to tasks.o(.text) for xTaskRemoveFromEventList
    queue.o(.text) refers to memcpya.o(.text) for __aeabi_memcpy
    queue.o(.text) refers to port.o(.emb_text) for vPortSetInterruptMask
    tasks.o(.text) refers to list.o(.text) for vListInitialise
    tasks.o(.text) refers to strncpy.o(.text) for strncpy
    tasks.o(.text) refers to heap_2.o(.text) for pvPortMalloc
    tasks.o(.text) refers to memseta.o(.text) for __aeabi_memset
    tasks.o(.text) refers to port.o(.text) for pxPortInitialiseStack
    tasks.o(.text) refers to tasks.o(.bss) for .bss
    tasks.o(.text) refers to tasks.o(.data) for .data
    tasks.o(.text) refers to port.o(.emb_text) for vPortSetInterruptMask
    entry.o(.ARM.Collect$$$$00000000) refers (Special) to entry7b.o(.ARM.Collect$$$$00000008) for _main_clock
    entry.o(.ARM.Collect$$$$00000000) refers (Special) to entry8.o(.ARM.Collect$$$$00000009) for _main_init
    entry.o(.ARM.Collect$$$$00000000) refers (Special) to entry5.o(.ARM.Collect$$$$00000004) for _main_scatterload
    entry.o(.ARM.Collect$$$$00000000) refers (Special) to entry2.o(.ARM.Collect$$$$00000001) for _main_stk
    printfb.o(i.__0fprintf$bare) refers to printfb.o(i._printf_core) for _printf_core
    printfb.o(i.__0fprintf$bare) refers to fputc.o(i.fputc) for fputc
    printfb.o(i.__0printf$bare) refers to printfb.o(i._printf_core) for _printf_core
    printfb.o(i.__0printf$bare) refers to fputc.o(i.fputc) for fputc
    printfb.o(i.__0printf$bare) refers to stdout.o(.data) for __stdout
    printfb.o(i.__0snprintf$bare) refers to printfb.o(i._printf_core) for _printf_core
    printfb.o(i.__0snprintf$bare) refers to printfb.o(i._snputc) for _snputc
    printfb.o(i.__0sprintf$bare) refers to printfb.o(i._printf_core) for _printf_core
    printfb.o(i.__0sprintf$bare) refers to printfb.o(i._sputc) for _sputc
    printfb.o(i.__0vfprintf$bare) refers to printfb.o(i._printf_core) for _printf_core
    printfb.o(i.__0vfprintf$bare) refers to fputc.o(i.fputc) for fputc
    printfb.o(i.__0vprintf$bare) refers to printfb.o(i._printf_core) for _printf_core
    printfb.o(i.__0vprintf$bare) refers to fputc.o(i.fputc) for fputc
    printfb.o(i.__0vprintf$bare) refers to stdout.o(.data) for __stdout
    printfb.o(i.__0vsnprintf$bare) refers to printfb.o(i._printf_core) for _printf_core
    printfb.o(i.__0vsnprintf$bare) refers to printfb.o(i._snputc) for _snputc
    printfb.o(i.__0vsprintf$bare) refers to printfb.o(i._printf_core) for _printf_core
    printfb.o(i.__0vsprintf$bare) refers to printfb.o(i._sputc) for _sputc
    printf0.o(i.__0fprintf$0) refers to printf0.o(i._printf_core) for _printf_core
    printf0.o(i.__0fprintf$0) refers to fputc.o(i.fputc) for fputc
    printf0.o(i.__0printf$0) refers to printf0.o(i._printf_core) for _printf_core
    printf0.o(i.__0printf$0) refers to fputc.o(i.fputc) for fputc
    printf0.o(i.__0printf$0) refers to stdout.o(.data) for __stdout
    printf0.o(i.__0snprintf$0) refers to printf0.o(i._printf_core) for _printf_core
    printf0.o(i.__0snprintf$0) refers to printf0.o(i._snputc) for _snputc
    printf0.o(i.__0sprintf$0) refers to printf0.o(i._printf_core) for _printf_core
    printf0.o(i.__0sprintf$0) refers to printf0.o(i._sputc) for _sputc
    printf0.o(i.__0vfprintf$0) refers to printf0.o(i._printf_core) for _printf_core
    printf0.o(i.__0vfprintf$0) refers to fputc.o(i.fputc) for fputc
    printf0.o(i.__0vprintf$0) refers to printf0.o(i._printf_core) for _printf_core
    printf0.o(i.__0vprintf$0) refers to fputc.o(i.fputc) for fputc
    printf0.o(i.__0vprintf$0) refers to stdout.o(.data) for __stdout
    printf0.o(i.__0vsnprintf$0) refers to printf0.o(i._printf_core) for _printf_core
    printf0.o(i.__0vsnprintf$0) refers to printf0.o(i._snputc) for _snputc
    printf0.o(i.__0vsprintf$0) refers to printf0.o(i._printf_core) for _printf_core
    printf0.o(i.__0vsprintf$0) refers to printf0.o(i._sputc) for _sputc
    printf1.o(i.__0fprintf$1) refers to printf1.o(i._printf_core) for _printf_core
    printf1.o(i.__0fprintf$1) refers to fputc.o(i.fputc) for fputc
    printf1.o(i.__0printf$1) refers to printf1.o(i._printf_core) for _printf_core
    printf1.o(i.__0printf$1) refers to fputc.o(i.fputc) for fputc
    printf1.o(i.__0printf$1) refers to stdout.o(.data) for __stdout
    printf1.o(i.__0snprintf$1) refers to printf1.o(i._printf_core) for _printf_core
    printf1.o(i.__0snprintf$1) refers to printf1.o(i._snputc) for _snputc
    printf1.o(i.__0sprintf$1) refers to printf1.o(i._printf_core) for _printf_core
    printf1.o(i.__0sprintf$1) refers to printf1.o(i._sputc) for _sputc
    printf1.o(i.__0vfprintf$1) refers to printf1.o(i._printf_core) for _printf_core
    printf1.o(i.__0vfprintf$1) refers to fputc.o(i.fputc) for fputc
    printf1.o(i.__0vprintf$1) refers to printf1.o(i._printf_core) for _printf_core
    printf1.o(i.__0vprintf$1) refers to fputc.o(i.fputc) for fputc
    printf1.o(i.__0vprintf$1) refers to stdout.o(.data) for __stdout
    printf1.o(i.__0vsnprintf$1) refers to printf1.o(i._printf_core) for _printf_core
    printf1.o(i.__0vsnprintf$1) refers to printf1.o(i._snputc) for _snputc
    printf1.o(i.__0vsprintf$1) refers to printf1.o(i._printf_core) for _printf_core
    printf1.o(i.__0vsprintf$1) refers to printf1.o(i._sputc) for _sputc
    printf1.o(i._printf_core) refers to uidiv.o(.text) for __aeabi_uidivmod
    printf2.o(i.__0fprintf$2) refers to printf2.o(i._printf_core) for _printf_core
    printf2.o(i.__0fprintf$2) refers to fputc.o(i.fputc) for fputc
    printf2.o(i.__0printf$2) refers to printf2.o(i._printf_core) for _printf_core
    printf2.o(i.__0printf$2) refers to fputc.o(i.fputc) for fputc
    printf2.o(i.__0printf$2) refers to stdout.o(.data) for __stdout
    printf2.o(i.__0snprintf$2) refers to printf2.o(i._printf_core) for _printf_core
    printf2.o(i.__0snprintf$2) refers to printf2.o(i._snputc) for _snputc
    printf2.o(i.__0sprintf$2) refers to printf2.o(i._printf_core) for _printf_core
    printf2.o(i.__0sprintf$2) refers to printf2.o(i._sputc) for _sputc
    printf2.o(i.__0vfprintf$2) refers to printf2.o(i._printf_core) for _printf_core
    printf2.o(i.__0vfprintf$2) refers to fputc.o(i.fputc) for fputc
    printf2.o(i.__0vprintf$2) refers to printf2.o(i._printf_core) for _printf_core
    printf2.o(i.__0vprintf$2) refers to fputc.o(i.fputc) for fputc
    printf2.o(i.__0vprintf$2) refers to stdout.o(.data) for __stdout
    printf2.o(i.__0vsnprintf$2) refers to printf2.o(i._printf_core) for _printf_core
    printf2.o(i.__0vsnprintf$2) refers to printf2.o(i._snputc) for _snputc
    printf2.o(i.__0vsprintf$2) refers to printf2.o(i._printf_core) for _printf_core
    printf2.o(i.__0vsprintf$2) refers to printf2.o(i._sputc) for _sputc
    printf3.o(i.__0fprintf$3) refers to printf3.o(i._printf_core) for _printf_core
    printf3.o(i.__0fprintf$3) refers to fputc.o(i.fputc) for fputc
    printf3.o(i.__0printf$3) refers to printf3.o(i._printf_core) for _printf_core
    printf3.o(i.__0printf$3) refers to fputc.o(i.fputc) for fputc
    printf3.o(i.__0printf$3) refers to stdout.o(.data) for __stdout
    printf3.o(i.__0snprintf$3) refers to printf3.o(i._printf_core) for _printf_core
    printf3.o(i.__0snprintf$3) refers to printf3.o(i._snputc) for _snputc
    printf3.o(i.__0sprintf$3) refers to printf3.o(i._printf_core) for _printf_core
    printf3.o(i.__0sprintf$3) refers to printf3.o(i._sputc) for _sputc
    printf3.o(i.__0vfprintf$3) refers to printf3.o(i._printf_core) for _printf_core
    printf3.o(i.__0vfprintf$3) refers to fputc.o(i.fputc) for fputc
    printf3.o(i.__0vprintf$3) refers to printf3.o(i._printf_core) for _printf_core
    printf3.o(i.__0vprintf$3) refers to fputc.o(i.fputc) for fputc
    printf3.o(i.__0vprintf$3) refers to stdout.o(.data) for __stdout
    printf3.o(i.__0vsnprintf$3) refers to printf3.o(i._printf_core) for _printf_core
    printf3.o(i.__0vsnprintf$3) refers to printf3.o(i._snputc) for _snputc
    printf3.o(i.__0vsprintf$3) refers to printf3.o(i._printf_core) for _printf_core
    printf3.o(i.__0vsprintf$3) refers to printf3.o(i._sputc) for _sputc
    printf3.o(i._printf_core) refers to uidiv.o(.text) for __aeabi_uidivmod
    printf4.o(i.__0fprintf$4) refers to printf4.o(i._printf_core) for _printf_core
    printf4.o(i.__0fprintf$4) refers to fputc.o(i.fputc) for fputc
    printf4.o(i.__0printf$4) refers to printf4.o(i._printf_core) for _printf_core
    printf4.o(i.__0printf$4) refers to fputc.o(i.fputc) for fputc
    printf4.o(i.__0printf$4) refers to stdout.o(.data) for __stdout
    printf4.o(i.__0snprintf$4) refers to printf4.o(i._printf_core) for _printf_core
    printf4.o(i.__0snprintf$4) refers to printf4.o(i._snputc) for _snputc
    printf4.o(i.__0sprintf$4) refers to printf4.o(i._printf_core) for _printf_core
    printf4.o(i.__0sprintf$4) refers to printf4.o(i._sputc) for _sputc
    printf4.o(i.__0vfprintf$4) refers to printf4.o(i._printf_core) for _printf_core
    printf4.o(i.__0vfprintf$4) refers to fputc.o(i.fputc) for fputc
    printf4.o(i.__0vprintf$4) refers to printf4.o(i._printf_core) for _printf_core
    printf4.o(i.__0vprintf$4) refers to fputc.o(i.fputc) for fputc
    printf4.o(i.__0vprintf$4) refers to stdout.o(.data) for __stdout
    printf4.o(i.__0vsnprintf$4) refers to printf4.o(i._printf_core) for _printf_core
    printf4.o(i.__0vsnprintf$4) refers to printf4.o(i._snputc) for _snputc
    printf4.o(i.__0vsprintf$4) refers to printf4.o(i._printf_core) for _printf_core
    printf4.o(i.__0vsprintf$4) refers to printf4.o(i._sputc) for _sputc
    printf4.o(i._printf_core) refers to uldiv.o(.text) for __aeabi_uldivmod
    printf5.o(i.__0fprintf$5) refers to printf5.o(i._printf_core) for _printf_core
    printf5.o(i.__0fprintf$5) refers to fputc.o(i.fputc) for fputc
    printf5.o(i.__0printf$5) refers to printf5.o(i._printf_core) for _printf_core
    printf5.o(i.__0printf$5) refers to fputc.o(i.fputc) for fputc
    printf5.o(i.__0printf$5) refers to stdout.o(.data) for __stdout
    printf5.o(i.__0snprintf$5) refers to printf5.o(i._printf_core) for _printf_core
    printf5.o(i.__0snprintf$5) refers to printf5.o(i._snputc) for _snputc
    printf5.o(i.__0sprintf$5) refers to printf5.o(i._printf_core) for _printf_core
    printf5.o(i.__0sprintf$5) refers to printf5.o(i._sputc) for _sputc
    printf5.o(i.__0vfprintf$5) refers to printf5.o(i._printf_core) for _printf_core
    printf5.o(i.__0vfprintf$5) refers to fputc.o(i.fputc) for fputc
    printf5.o(i.__0vprintf$5) refers to printf5.o(i._printf_core) for _printf_core
    printf5.o(i.__0vprintf$5) refers to fputc.o(i.fputc) for fputc
    printf5.o(i.__0vprintf$5) refers to stdout.o(.data) for __stdout
    printf5.o(i.__0vsnprintf$5) refers to printf5.o(i._printf_core) for _printf_core
    printf5.o(i.__0vsnprintf$5) refers to printf5.o(i._snputc) for _snputc
    printf5.o(i.__0vsprintf$5) refers to printf5.o(i._printf_core) for _printf_core
    printf5.o(i.__0vsprintf$5) refers to printf5.o(i._sputc) for _sputc
    printf5.o(i._printf_core) refers to uldiv.o(.text) for __aeabi_uldivmod
    printf6.o(i.__0fprintf$6) refers to printf6.o(i._printf_core) for _printf_core
    printf6.o(i.__0fprintf$6) refers to fputc.o(i.fputc) for fputc
    printf6.o(i.__0printf$6) refers to printf6.o(i._printf_core) for _printf_core
    printf6.o(i.__0printf$6) refers to fputc.o(i.fputc) for fputc
    printf6.o(i.__0printf$6) refers to stdout.o(.data) for __stdout
    printf6.o(i.__0snprintf$6) refers to printf6.o(i._printf_core) for _printf_core
    printf6.o(i.__0snprintf$6) refers to printf6.o(i._snputc) for _snputc
    printf6.o(i.__0sprintf$6) refers to printf6.o(i._printf_core) for _printf_core
    printf6.o(i.__0sprintf$6) refers to printf6.o(i._sputc) for _sputc
    printf6.o(i.__0vfprintf$6) refers to printf6.o(i._printf_core) for _printf_core
    printf6.o(i.__0vfprintf$6) refers to fputc.o(i.fputc) for fputc
    printf6.o(i.__0vprintf$6) refers to printf6.o(i._printf_core) for _printf_core
    printf6.o(i.__0vprintf$6) refers to fputc.o(i.fputc) for fputc
    printf6.o(i.__0vprintf$6) refers to stdout.o(.data) for __stdout
    printf6.o(i.__0vsnprintf$6) refers to printf6.o(i._printf_core) for _printf_core
    printf6.o(i.__0vsnprintf$6) refers to printf6.o(i._snputc) for _snputc
    printf6.o(i.__0vsprintf$6) refers to printf6.o(i._printf_core) for _printf_core
    printf6.o(i.__0vsprintf$6) refers to printf6.o(i._sputc) for _sputc
    printf6.o(i._printf_core) refers to printf6.o(i._printf_pre_padding) for _printf_pre_padding
    printf6.o(i._printf_core) refers to uidiv.o(.text) for __aeabi_uidivmod
    printf6.o(i._printf_core) refers to printf6.o(i._printf_post_padding) for _printf_post_padding
    printf7.o(i.__0fprintf$7) refers to printf7.o(i._printf_core) for _printf_core
    printf7.o(i.__0fprintf$7) refers to fputc.o(i.fputc) for fputc
    printf7.o(i.__0printf$7) refers to printf7.o(i._printf_core) for _printf_core
    printf7.o(i.__0printf$7) refers to fputc.o(i.fputc) for fputc
    printf7.o(i.__0printf$7) refers to stdout.o(.data) for __stdout
    printf7.o(i.__0snprintf$7) refers to printf7.o(i._printf_core) for _printf_core
    printf7.o(i.__0snprintf$7) refers to printf7.o(i._snputc) for _snputc
    printf7.o(i.__0sprintf$7) refers to printf7.o(i._printf_core) for _printf_core
    printf7.o(i.__0sprintf$7) refers to printf7.o(i._sputc) for _sputc
    printf7.o(i.__0vfprintf$7) refers to printf7.o(i._printf_core) for _printf_core
    printf7.o(i.__0vfprintf$7) refers to fputc.o(i.fputc) for fputc
    printf7.o(i.__0vprintf$7) refers to printf7.o(i._printf_core) for _printf_core
    printf7.o(i.__0vprintf$7) refers to fputc.o(i.fputc) for fputc
    printf7.o(i.__0vprintf$7) refers to stdout.o(.data) for __stdout
    printf7.o(i.__0vsnprintf$7) refers to printf7.o(i._printf_core) for _printf_core
    printf7.o(i.__0vsnprintf$7) refers to printf7.o(i._snputc) for _snputc
    printf7.o(i.__0vsprintf$7) refers to printf7.o(i._printf_core) for _printf_core
    printf7.o(i.__0vsprintf$7) refers to printf7.o(i._sputc) for _sputc
    printf7.o(i._printf_core) refers to printf7.o(i._printf_pre_padding) for _printf_pre_padding
    printf7.o(i._printf_core) refers to uldiv.o(.text) for __aeabi_uldivmod
    printf7.o(i._printf_core) refers to printf7.o(i._printf_post_padding) for _printf_post_padding
    printf8.o(i.__0fprintf$8) refers to printf8.o(i._printf_core) for _printf_core
    printf8.o(i.__0fprintf$8) refers to fputc.o(i.fputc) for fputc
    printf8.o(i.__0printf$8) refers to printf8.o(i._printf_core) for _printf_core
    printf8.o(i.__0printf$8) refers to fputc.o(i.fputc) for fputc
    printf8.o(i.__0printf$8) refers to stdout.o(.data) for __stdout
    printf8.o(i.__0snprintf$8) refers to printf8.o(i._printf_core) for _printf_core
    printf8.o(i.__0snprintf$8) refers to printf8.o(i._snputc) for _snputc
    printf8.o(i.__0sprintf$8) refers to printf8.o(i._printf_core) for _printf_core
    printf8.o(i.__0sprintf$8) refers to printf8.o(i._sputc) for _sputc
    printf8.o(i.__0vfprintf$8) refers to printf8.o(i._printf_core) for _printf_core
    printf8.o(i.__0vfprintf$8) refers to fputc.o(i.fputc) for fputc
    printf8.o(i.__0vprintf$8) refers to printf8.o(i._printf_core) for _printf_core
    printf8.o(i.__0vprintf$8) refers to fputc.o(i.fputc) for fputc
    printf8.o(i.__0vprintf$8) refers to stdout.o(.data) for __stdout
    printf8.o(i.__0vsnprintf$8) refers to printf8.o(i._printf_core) for _printf_core
    printf8.o(i.__0vsnprintf$8) refers to printf8.o(i._snputc) for _snputc
    printf8.o(i.__0vsprintf$8) refers to printf8.o(i._printf_core) for _printf_core
    printf8.o(i.__0vsprintf$8) refers to printf8.o(i._sputc) for _sputc
    printf8.o(i._printf_core) refers to printf8.o(i._printf_pre_padding) for _printf_pre_padding
    printf8.o(i._printf_core) refers to uldiv.o(.text) for __aeabi_uldivmod
    printf8.o(i._printf_core) refers to printf8.o(i._printf_post_padding) for _printf_post_padding
    printfa.o(i.__0fprintf) refers (Special) to iusefp.o(.text) for __I$use$fp
    printfa.o(i.__0fprintf) refers to printfa.o(i._printf_core) for _printf_core
    printfa.o(i.__0fprintf) refers to fputc.o(i.fputc) for fputc
    printfa.o(i.__0printf) refers (Special) to iusefp.o(.text) for __I$use$fp
    printfa.o(i.__0printf) refers to printfa.o(i._printf_core) for _printf_core
    printfa.o(i.__0printf) refers to fputc.o(i.fputc) for fputc
    printfa.o(i.__0printf) refers to stdout.o(.data) for __stdout
    printfa.o(i.__0snprintf) refers (Special) to iusefp.o(.text) for __I$use$fp
    printfa.o(i.__0snprintf) refers to printfa.o(i._printf_core) for _printf_core
    printfa.o(i.__0snprintf) refers to printfa.o(i._snputc) for _snputc
    printfa.o(i.__0sprintf) refers (Special) to iusefp.o(.text) for __I$use$fp
    printfa.o(i.__0sprintf) refers to printfa.o(i._printf_core) for _printf_core
    printfa.o(i.__0sprintf) refers to printfa.o(i._sputc) for _sputc
    printfa.o(i.__0vfprintf) refers (Special) to iusefp.o(.text) for __I$use$fp
    printfa.o(i.__0vfprintf) refers to printfa.o(i._printf_core) for _printf_core
    printfa.o(i.__0vfprintf) refers to fputc.o(i.fputc) for fputc
    printfa.o(i.__0vprintf) refers (Special) to iusefp.o(.text) for __I$use$fp
    printfa.o(i.__0vprintf) refers to printfa.o(i._printf_core) for _printf_core
    printfa.o(i.__0vprintf) refers to fputc.o(i.fputc) for fputc
    printfa.o(i.__0vprintf) refers to stdout.o(.data) for __stdout
    printfa.o(i.__0vsnprintf) refers (Special) to iusefp.o(.text) for __I$use$fp
    printfa.o(i.__0vsnprintf) refers to printfa.o(i._printf_core) for _printf_core
    printfa.o(i.__0vsnprintf) refers to printfa.o(i._snputc) for _snputc
    printfa.o(i.__0vsprintf) refers (Special) to iusefp.o(.text) for __I$use$fp
    printfa.o(i.__0vsprintf) refers to printfa.o(i._printf_core) for _printf_core
    printfa.o(i.__0vsprintf) refers to printfa.o(i._sputc) for _sputc
    printfa.o(i._fp_digits) refers (Special) to iusefp.o(.text) for __I$use$fp
    printfa.o(i._fp_digits) refers to dmul.o(.text) for __aeabi_dmul
    printfa.o(i._fp_digits) refers to ddiv.o(.text) for __aeabi_ddiv
    printfa.o(i._fp_digits) refers to cdrcmple.o(.text) for __aeabi_cdrcmple
    printfa.o(i._fp_digits) refers to dadd.o(.text) for __aeabi_dadd
    printfa.o(i._fp_digits) refers to dfixul.o(.text) for __aeabi_d2ulz
    printfa.o(i._fp_digits) refers to uldiv.o(.text) for __aeabi_uldivmod
    printfa.o(i._printf_core) refers (Special) to iusefp.o(.text) for __I$use$fp
    printfa.o(i._printf_core) refers to printfa.o(i._printf_pre_padding) for _printf_pre_padding
    printfa.o(i._printf_core) refers to uldiv.o(.text) for __aeabi_uldivmod
    printfa.o(i._printf_core) refers to printfa.o(i._printf_post_padding) for _printf_post_padding
    printfa.o(i._printf_core) refers to printfa.o(i._fp_digits) for _fp_digits
    printfa.o(i._printf_core) refers to uidiv.o(.text) for __aeabi_uidivmod
    printfa.o(i._printf_post_padding) refers (Special) to iusefp.o(.text) for __I$use$fp
    printfa.o(i._printf_pre_padding) refers (Special) to iusefp.o(.text) for __I$use$fp
    printfa.o(i._snputc) refers (Special) to iusefp.o(.text) for __I$use$fp
    printfa.o(i._sputc) refers (Special) to iusefp.o(.text) for __I$use$fp
    entry2.o(.ARM.Collect$$$$00000001) refers to entry2.o(.ARM.Collect$$$$00002712) for __lit__00000000
    entry2.o(.ARM.Collect$$$$00002712) refers to stm32f10x.o(STACK) for __initial_sp
    entry2.o(__vectab_stack_and_reset_area) refers to stm32f10x.o(STACK) for __initial_sp
    entry2.o(__vectab_stack_and_reset_area) refers to entry.o(.ARM.Collect$$$$00000000) for __main
    entry5.o(.ARM.Collect$$$$00000004) refers to init.o(.text) for __scatterload
    entry8.o(.ARM.Collect$$$$00000009) refers to main.o(.text) for main
    fputc.o(i.fputc) refers (Special) to iusesemip.o(.text) for __I$use$semihosting$fputc
    fputc.o(i.fputc) refers (Special) to semi.o(.text) for __semihosting_library_function
    uldiv.o(.text) refers to llushr.o(.text) for __aeabi_llsr
    uldiv.o(.text) refers to llshl.o(.text) for __aeabi_llsl
    dadd.o(.text) refers to llshl.o(.text) for __aeabi_llsl
    dadd.o(.text) refers to llsshr.o(.text) for __aeabi_lasr
    dadd.o(.text) refers to depilogue.o(.text) for _double_epilogue
    dmul.o(.text) refers to depilogue.o(.text) for _double_epilogue
    ddiv.o(.text) refers to depilogue.o(.text) for _double_round
    dfixul.o(.text) refers to llushr.o(.text) for __aeabi_llsr
    dfixul.o(.text) refers to llshl.o(.text) for __aeabi_llsl
    init.o(.text) refers to entry5.o(.ARM.Collect$$$$00000004) for __main_after_scatterload
    depilogue.o(.text) refers to llshl.o(.text) for __aeabi_llsl
    depilogue.o(.text) refers to llushr.o(.text) for __aeabi_llsr


==============================================================================

Removing Unused input sections from the image.

    Removing stm32f10x.o(HEAP), (0 bytes).
    Removing system_stm32f10x.o(.constdata), (4 bytes).
    Removing system_stm32f10x.o(.constdata), (4 bytes).
    Removing system_stm32f10x.o(.constdata), (4 bytes).
    Removing system_stm32f10x.o(.constdata), (4 bytes).
    Removing screen_test.o(.text), (568 bytes).
    Removing screen_test.o(.constdata), (68 bytes).
    Removing alarm_test.o(.text), (108 bytes).
    Removing dadd.o(.text), (332 bytes).
    Removing dmul.o(.text), (224 bytes).
    Removing ddiv.o(.text), (222 bytes).
    Removing dfixul.o(.text), (48 bytes).
    Removing cdrcmple.o(.text), (40 bytes).
    Removing depilogue.o(.text), (190 bytes).

14 unused section(s) (total 1816 bytes) removed from the image.

==============================================================================

Image Symbol Table

    Local Symbols

    Symbol Name                              Value     Ov Type        Size  Object(Section)

    ../../../cmprslib/lz77c.c                0x00000000   Number         0  __dclz77c.o ABSOLUTE
    ../../microlib/division.c                0x00000000   Number         0  uldiv.o ABSOLUTE
    ../../microlib/division.c                0x00000000   Number         0  uidiv.o ABSOLUTE
    ../../microlib/fpadd.c                   0x00000000   Number         0  dadd.o ABSOLUTE
    ../../microlib/fpdiv.c                   0x00000000   Number         0  ddiv.o ABSOLUTE
    ../../microlib/fpepilogue.c              0x00000000   Number         0  depilogue.o ABSOLUTE
    ../../microlib/fpfix.c                   0x00000000   Number         0  dfixul.o ABSOLUTE
    ../../microlib/fpmul.c                   0x00000000   Number         0  dmul.o ABSOLUTE
    ../../microlib/init/entry.s              0x00000000   Number         0  entry.o ABSOLUTE
    ../../microlib/init/entry.s              0x00000000   Number         0  entry8.o ABSOLUTE
    ../../microlib/init/entry.s              0x00000000   Number         0  entry7b.o ABSOLUTE
    ../../microlib/init/entry.s              0x00000000   Number         0  entry7a.o ABSOLUTE
    ../../microlib/init/entry.s              0x00000000   Number         0  entry5.o ABSOLUTE
    ../../microlib/init/entry.s              0x00000000   Number         0  entry2.o ABSOLUTE
    ../../microlib/longlong.c                0x00000000   Number         0  llsshr.o ABSOLUTE
    ../../microlib/longlong.c                0x00000000   Number         0  llushr.o ABSOLUTE
    ../../microlib/longlong.c                0x00000000   Number         0  llshl.o ABSOLUTE
    ../../microlib/printf/printf.c           0x00000000   Number         0  printf3.o ABSOLUTE
    ../../microlib/printf/printf.c           0x00000000   Number         0  printf2.o ABSOLUTE
    ../../microlib/printf/printf.c           0x00000000   Number         0  printf8.o ABSOLUTE
    ../../microlib/printf/printf.c           0x00000000   Number         0  printfa.o ABSOLUTE
    ../../microlib/printf/printf.c           0x00000000   Number         0  printfb.o ABSOLUTE
    ../../microlib/printf/printf.c           0x00000000   Number         0  printf0.o ABSOLUTE
    ../../microlib/printf/printf.c           0x00000000   Number         0  printf1.o ABSOLUTE
    ../../microlib/printf/printf.c           0x00000000   Number         0  printf7.o ABSOLUTE
    ../../microlib/printf/printf.c           0x00000000   Number         0  printf6.o ABSOLUTE
    ../../microlib/printf/printf.c           0x00000000   Number         0  printf5.o ABSOLUTE
    ../../microlib/printf/printf.c           0x00000000   Number         0  printf4.o ABSOLUTE
    ../../microlib/printf/stubs.s            0x00000000   Number         0  stubs.o ABSOLUTE
    ../../microlib/stdio/fputc.c             0x00000000   Number         0  fputc.o ABSOLUTE
    ../../microlib/stdio/semi.s              0x00000000   Number         0  semi.o ABSOLUTE
    ../../microlib/stdio/streams.c           0x00000000   Number         0  stdout.o ABSOLUTE
    ../../microlib/string/memcpy.c           0x00000000   Number         0  memcpya.o ABSOLUTE
    ../../microlib/string/memcpy.c           0x00000000   Number         0  memcpyb.o ABSOLUTE
    ../../microlib/string/memset.c           0x00000000   Number         0  memseta.o ABSOLUTE
    ../../microlib/string/strncpy.c          0x00000000   Number         0  strncpy.o ABSOLUTE
    ../../microlib/stubs.s                   0x00000000   Number         0  iusesemip.o ABSOLUTE
    ../../microlib/stubs.s                   0x00000000   Number         0  iusefp.o ABSOLUTE
    Firmware\GLCD.c                          0x00000000   Number         0  glcd.o ABSOLUTE
    Firmware\STM32F10x.s                     0x00000000   Number         0  stm32f10x.o ABSOLUTE
    Firmware\i2c_ee.c                        0x00000000   Number         0  i2c_ee.o ABSOLUTE
    Firmware\setup.c                         0x00000000   Number         0  setup.o ABSOLUTE
    Firmware\src\misc.c                      0x00000000   Number         0  misc.o ABSOLUTE
    Firmware\src\stm32f10x_exti.c            0x00000000   Number         0  stm32f10x_exti.o ABSOLUTE
    Firmware\src\stm32f10x_gpio.c            0x00000000   Number         0  stm32f10x_gpio.o ABSOLUTE
    Firmware\src\stm32f10x_i2c.c             0x00000000   Number         0  stm32f10x_i2c.o ABSOLUTE
    Firmware\src\stm32f10x_rcc.c             0x00000000   Number         0  stm32f10x_rcc.o ABSOLUTE
    Firmware\stm3210c_eval_ioe.c             0x00000000   Number         0  stm3210c_eval_ioe.o ABSOLUTE
    Firmware\system_stm32f10x.c              0x00000000   Number         0  system_stm32f10x.o ABSOLUTE
    FreeRTOS\\src\\port.c                    0x00000000   Number         0  port.o ABSOLUTE
    FreeRTOS\src\heap_2.c                    0x00000000   Number         0  heap_2.o ABSOLUTE
    FreeRTOS\src\list.c                      0x00000000   Number         0  list.o ABSOLUTE
    FreeRTOS\src\port.c                      0x00000000   Number         0  port.o ABSOLUTE
    FreeRTOS\src\queue.c                     0x00000000   Number         0  queue.o ABSOLUTE
    FreeRTOS\src\tasks.c                     0x00000000   Number         0  tasks.o ABSOLUTE
    alarm.c                                  0x00000000   Number         0  alarm.o ABSOLUTE
    alarm_test.c                             0x00000000   Number         0  alarm_test.o ABSOLUTE
    cdrcmple.s                               0x00000000   Number         0  cdrcmple.o ABSOLUTE
    configure_alarm.c                        0x00000000   Number         0  configure_alarm.o ABSOLUTE
    dc.s                                     0x00000000   Number         0  dc.o ABSOLUTE
    door1sensor.c                            0x00000000   Number         0  door1sensor.o ABSOLUTE
    door2sensor.c                            0x00000000   Number         0  door2sensor.o ABSOLUTE
    handlers.s                               0x00000000   Number         0  handlers.o ABSOLUTE
    init.s                                   0x00000000   Number         0  init.o ABSOLUTE
    led_display.c                            0x00000000   Number         0  led_display.o ABSOLUTE
    main.c                                   0x00000000   Number         0  main.o ABSOLUTE
    master_alarm.c                           0x00000000   Number         0  master_alarm.o ABSOLUTE
    screen.c                                 0x00000000   Number         0  screen.o ABSOLUTE
    screen_test.c                            0x00000000   Number         0  screen_test.o ABSOLUTE
    RESET                                    0x08000000   Section      236  stm32f10x.o(RESET)
    .ARM.Collect$$$$00000000                 0x080000ec   Section        0  entry.o(.ARM.Collect$$$$00000000)
    .ARM.Collect$$$$00000001                 0x080000ec   Section        4  entry2.o(.ARM.Collect$$$$00000001)
    .ARM.Collect$$$$00000004                 0x080000f0   Section        4  entry5.o(.ARM.Collect$$$$00000004)
    .ARM.Collect$$$$00000008                 0x080000f4   Section        0  entry7b.o(.ARM.Collect$$$$00000008)
    .ARM.Collect$$$$00000009                 0x080000f4   Section        8  entry8.o(.ARM.Collect$$$$00000009)
    .ARM.Collect$$$$00002712                 0x080000fc   Section        4  entry2.o(.ARM.Collect$$$$00002712)
    __lit__00000000                          0x080000fc   Data           4  entry2.o(.ARM.Collect$$$$00002712)
    .emb_text                                0x08000100   Section      136  port.o(.emb_text)
    .text                                    0x08000188   Section       28  stm32f10x.o(.text)
    .text                                    0x080001a4   Section        0  stm32f10x_gpio.o(.text)
    .text                                    0x08000a88   Section        0  stm32f10x_rcc.o(.text)
    .text                                    0x08001170   Section        0  stm3210c_eval_ioe.o(.text)
    IOE_I2C_Config                           0x08001171   Thumb Code    48  stm3210c_eval_ioe.o(.text)
    delay                                    0x080014d5   Thumb Code    14  stm3210c_eval_ioe.o(.text)
    IOE_GPIO_Config                          0x08001611   Thumb Code    96  stm3210c_eval_ioe.o(.text)
    IOE_EXTI_Config                          0x08001737   Thumb Code    94  stm3210c_eval_ioe.o(.text)
    IOE_TS_Read_Z                            0x08001ab3   Thumb Code    14  stm3210c_eval_ioe.o(.text)
    IOE_TS_Read_Y                            0x08001ac1   Thumb Code    42  stm3210c_eval_ioe.o(.text)
    IOE_TS_Read_X                            0x08001aeb   Thumb Code    38  stm3210c_eval_ioe.o(.text)
    .text                                    0x08001c3c   Section        0  stm32f10x_i2c.o(.text)
    .text                                    0x080026f8   Section        0  stm32f10x_exti.o(.text)
    .text                                    0x08002968   Section        0  misc.o(.text)
    .text                                    0x08002af4   Section        0  glcd.o(.text)
    delay                                    0x08002af5   Thumb Code     8  glcd.o(.text)
    rd_reg                                   0x08002afd   Thumb Code    48  glcd.o(.text)
    spi_send                                 0x08002feb   Thumb Code    18  glcd.o(.text)
    wr_cmd                                   0x08002ffd   Thumb Code    36  glcd.o(.text)
    wr_dat                                   0x08003021   Thumb Code    36  glcd.o(.text)
    wr_reg                                   0x08003045   Thumb Code    16  glcd.o(.text)
    .text                                    0x08003078   Section        0  i2c_ee.o(.text)
    .text                                    0x08003488   Section        0  system_stm32f10x.o(.text)
    SetSysClockTo72                          0x08003489   Thumb Code   148  system_stm32f10x.o(.text)
    SetSysClock                              0x0800351d   Thumb Code     2  system_stm32f10x.o(.text)
    .text                                    0x08003560   Section        0  setup.o(.text)
    .text                                    0x08003708   Section        0  main.o(.text)
    .text                                    0x08003760   Section        0  screen.o(.text)
    screenDisplayGrid                        0x08003781   Thumb Code   926  screen.o(.text)
    screenTouched                            0x08003b1f   Thumb Code   132  screen.o(.text)
    screenGridTouchedDigit                   0x08003ba3   Thumb Code   112  screen.o(.text)
    screenGridTouchedChar                    0x08003c13   Thumb Code   138  screen.o(.text)
    screenDisplayChar                        0x08003c9d   Thumb Code    70  screen.o(.text)
    .text                                    0x08004228   Section        0  alarm.o(.text)
    alarmTask                                0x08004229   Thumb Code   206  alarm.o(.text)
    giveAlarmTask                            0x080042f7   Thumb Code   194  alarm.o(.text)
    .text                                    0x0800444c   Section        0  master_alarm.o(.text)
    startUp                                  0x0800444d   Thumb Code    20  master_alarm.o(.text)
    masterAlarmTask                          0x08004461   Thumb Code   238  master_alarm.o(.text)
    .text                                    0x080045dc   Section        0  configure_alarm.o(.text)
    .text                                    0x08004804   Section        0  led_display.o(.text)
    LEDTask                                  0x08004805   Thumb Code   102  led_display.o(.text)
    .text                                    0x08004898   Section        0  door1sensor.o(.text)
    door1SensorTask                          0x08004899   Thumb Code    80  door1sensor.o(.text)
    .text                                    0x08004924   Section        0  door2sensor.o(.text)
    door2SensorTask                          0x08004925   Thumb Code    78  door2sensor.o(.text)
    .text                                    0x080049ac   Section        0  heap_2.o(.text)
    .text                                    0x08004aa0   Section        0  list.o(.text)
    .text                                    0x08004b2c   Section        0  port.o(.text)
    prvSetupTimerInterrupt                   0x08004b45   Thumb Code    14  port.o(.text)
    .text                                    0x08004bd0   Section        0  queue.o(.text)
    prvUnlockQueue                           0x08004c2f   Thumb Code   100  queue.o(.text)
    prvIsQueueFull                           0x08004c93   Thumb Code    30  queue.o(.text)
    prvCopyDataToQueue                       0x08004cb1   Thumb Code    90  queue.o(.text)
    prvIsQueueEmpty                          0x08004e69   Thumb Code    26  queue.o(.text)
    prvCopyDataFromQueue                     0x08004e83   Thumb Code    40  queue.o(.text)
    .text                                    0x08005044   Section        0  tasks.o(.text)
    prvInitialiseTaskLists                   0x08005045   Thumb Code    78  tasks.o(.text)
    prvInitialiseTCBVariables                0x08005093   Thumb Code    58  tasks.o(.text)
    prvAllocateTCBAndStack                   0x080050cd   Thumb Code    56  tasks.o(.text)
    prvDeleteTCB                             0x08005633   Thumb Code    20  tasks.o(.text)
    prvCheckTasksWaitingTermination          0x08005647   Thumb Code    84  tasks.o(.text)
    prvIdleTask                              0x0800569b   Thumb Code    18  tasks.o(.text)
    .text                                    0x080058e8   Section        0  memcpya.o(.text)
    .text                                    0x0800590c   Section        0  memseta.o(.text)
    .text                                    0x08005932   Section        0  strncpy.o(.text)
    .text                                    0x0800594a   Section        0  uidiv.o(.text)
    .text                                    0x08005978   Section       36  init.o(.text)
    .text                                    0x0800599c   Section        0  __dclz77c.o(.text)
    .text                                    0x0800599c   Section        0  iusesemip.o(.text)
    .text                                    0x0800599c   Section        0  semi.o(.text)
    i.__0printf$3                            0x080059fc   Section        0  printf3.o(i.__0printf$3)
    i.__scatterload_copy                     0x08005a1c   Section       14  handlers.o(i.__scatterload_copy)
    i.__scatterload_null                     0x08005a2a   Section        2  handlers.o(i.__scatterload_null)
    i.__scatterload_zeroinit                 0x08005a2c   Section       14  handlers.o(i.__scatterload_zeroinit)
    i._printf_core                           0x08005a3c   Section        0  printf3.o(i._printf_core)
    _printf_core                             0x08005a3d   Thumb Code   432  printf3.o(i._printf_core)
    i.fputc                                  0x08005bf0   Section        0  fputc.o(i.fputc)
    .constdata                               0x08005c04   Section        4  system_stm32f10x.o(.constdata)
    .data                                    0x20000000   Section       20  stm32f10x_rcc.o(.data)
    ADCPrescTable                            0x20000000   Data           4  stm32f10x_rcc.o(.data)
    APBAHBPrescTable                         0x20000004   Data          16  stm32f10x_rcc.o(.data)
    .data                                    0x20000014   Section       24  stm3210c_eval_ioe.o(.data)
    _x                                       0x20000018   Data           4  stm3210c_eval_ioe.o(.data)
    _y                                       0x2000001c   Data           4  stm3210c_eval_ioe.o(.data)
    tmp                                      0x20000020   Data           4  stm3210c_eval_ioe.o(.data)
    .data                                    0x2000002c   Section     5382  glcd.o(.data)
    TextColor                                0x2000002c   Data           2  glcd.o(.data)
    BackColor                                0x2000002e   Data           2  glcd.o(.data)
    driverCode                               0x20000030   Data           2  glcd.o(.data)
    .data                                    0x20001532   Section        2  i2c_ee.o(.data)
    .data                                    0x20001534   Section        4  main.o(.data)
    .data                                    0x20001538   Section        4  screen.o(.data)
    .data                                    0x2000153c   Section        2  alarm.o(.data)
    .data                                    0x2000153e   Section       11  master_alarm.o(.data)
    .data                                    0x20001549   Section       18  configure_alarm.o(.data)
    .data                                    0x2000155b   Section        2  led_display.o(.data)
    .data                                    0x20001560   Section       24  heap_2.o(.data)
    xFreeBytesRemaining                      0x20001560   Data           4  heap_2.o(.data)
    xHeapHasBeenInitialised                  0x20001564   Data           4  heap_2.o(.data)
    xStart                                   0x20001568   Data           8  heap_2.o(.data)
    xEnd                                     0x20001570   Data           8  heap_2.o(.data)
    .data                                    0x20001578   Section        4  port.o(.data)
    uxCriticalNesting                        0x20001578   Data           4  port.o(.data)
    .data                                    0x2000157c   Section       56  tasks.o(.data)
    uxTasksDeleted                           0x20001580   Data           4  tasks.o(.data)
    uxCurrentNumberOfTasks                   0x20001584   Data           4  tasks.o(.data)
    xTickCount                               0x20001588   Data           4  tasks.o(.data)
    uxTopUsedPriority                        0x2000158c   Data           4  tasks.o(.data)
    uxTopReadyPriority                       0x20001590   Data           4  tasks.o(.data)
    xSchedulerRunning                        0x20001594   Data           4  tasks.o(.data)
    uxSchedulerSuspended                     0x20001598   Data           4  tasks.o(.data)
    uxMissedTicks                            0x2000159c   Data           4  tasks.o(.data)
    xMissedYield                             0x200015a0   Data           4  tasks.o(.data)
    xNumOfOverflows                          0x200015a4   Data           4  tasks.o(.data)
    uxTaskNumber                             0x200015a8   Data           4  tasks.o(.data)
    pxDelayedTaskList                        0x200015ac   Data           4  tasks.o(.data)
    pxOverflowDelayedTaskList                0x200015b0   Data           4  tasks.o(.data)
    .data                                    0x200015b4   Section        4  stdout.o(.data)
    .bss                                     0x200015b8   Section    56320  heap_2.o(.bss)
    xHeap                                    0x200015b8   Data       56320  heap_2.o(.bss)
    .bss                                     0x2000f1b8   Section      200  tasks.o(.bss)
    pxReadyTasksLists                        0x2000f1b8   Data         100  tasks.o(.bss)
    xDelayedTaskList1                        0x2000f21c   Data          20  tasks.o(.bss)
    xDelayedTaskList2                        0x2000f230   Data          20  tasks.o(.bss)
    xPendingReadyList                        0x2000f244   Data          20  tasks.o(.bss)
    xTasksWaitingTermination                 0x2000f258   Data          20  tasks.o(.bss)
    xSuspendedTaskList                       0x2000f26c   Data          20  tasks.o(.bss)
    STACK                                    0x2000f280   Section      512  stm32f10x.o(STACK)

    Global Symbols

    Symbol Name                              Value     Ov Type        Size  Object(Section)

    BuildAttributes$$THM_ISAv4$P$D$K$B$S$PE$A:L22UL41UL21$X:L11$S22US41US21$IEEE1$IW$USESV6$~STKCKD$USESV7$~SHL$OSPACE$ROPI$EBA8$MICROLIB$REQ8$PRES8$EABIv2 0x00000000   Number         0  anon$$obj.o ABSOLUTE
    __ARM_use_no_argv                        0x00000000   Number         0  main.o ABSOLUTE
    _printf_a                                0x00000000   Number         0  stubs.o ABSOLUTE
    _printf_c                                0x00000000   Number         0  stubs.o ABSOLUTE
    _printf_charcount                        0x00000000   Number         0  stubs.o ABSOLUTE
    _printf_d                                0x00000000   Number         0  stubs.o ABSOLUTE
    _printf_e                                0x00000000   Number         0  stubs.o ABSOLUTE
    _printf_f                                0x00000000   Number         0  stubs.o ABSOLUTE
    _printf_flags                            0x00000000   Number         0  stubs.o ABSOLUTE
    _printf_fp_dec                           0x00000000   Number         0  stubs.o ABSOLUTE
    _printf_fp_hex                           0x00000000   Number         0  stubs.o ABSOLUTE
    _printf_g                                0x00000000   Number         0  stubs.o ABSOLUTE
    _printf_i                                0x00000000   Number         0  stubs.o ABSOLUTE
    _printf_int_dec                          0x00000000   Number         0  stubs.o ABSOLUTE
    _printf_l                                0x00000000   Number         0  stubs.o ABSOLUTE
    _printf_lc                               0x00000000   Number         0  stubs.o ABSOLUTE
    _printf_ll                               0x00000000   Number         0  stubs.o ABSOLUTE
    _printf_lld                              0x00000000   Number         0  stubs.o ABSOLUTE
    _printf_lli                              0x00000000   Number         0  stubs.o ABSOLUTE
    _printf_llo                              0x00000000   Number         0  stubs.o ABSOLUTE
    _printf_llu                              0x00000000   Number         0  stubs.o ABSOLUTE
    _printf_llx                              0x00000000   Number         0  stubs.o ABSOLUTE
    _printf_longlong_dec                     0x00000000   Number         0  stubs.o ABSOLUTE
    _printf_longlong_hex                     0x00000000   Number         0  stubs.o ABSOLUTE
    _printf_longlong_oct                     0x00000000   Number         0  stubs.o ABSOLUTE
    _printf_ls                               0x00000000   Number         0  stubs.o ABSOLUTE
    _printf_mbtowc                           0x00000000   Number         0  stubs.o ABSOLUTE
    _printf_n                                0x00000000   Number         0  stubs.o ABSOLUTE
    _printf_o                                0x00000000   Number         0  stubs.o ABSOLUTE
    _printf_p                                0x00000000   Number         0  stubs.o ABSOLUTE
    _printf_percent                          0x00000000   Number         0  stubs.o ABSOLUTE
    _printf_pre_padding                      0x00000000   Number         0  stubs.o ABSOLUTE
    _printf_return_value                     0x00000000   Number         0  stubs.o ABSOLUTE
    _printf_s                                0x00000000   Number         0  stubs.o ABSOLUTE
    _printf_sizespec                         0x00000000   Number         0  stubs.o ABSOLUTE
    _printf_str                              0x00000000   Number         0  stubs.o ABSOLUTE
    _printf_truncate_signed                  0x00000000   Number         0  stubs.o ABSOLUTE
    _printf_truncate_unsigned                0x00000000   Number         0  stubs.o ABSOLUTE
    _printf_u                                0x00000000   Number         0  stubs.o ABSOLUTE
    _printf_wc                               0x00000000   Number         0  stubs.o ABSOLUTE
    _printf_wctomb                           0x00000000   Number         0  stubs.o ABSOLUTE
    _printf_widthprec                        0x00000000   Number         0  stubs.o ABSOLUTE
    _printf_x                                0x00000000   Number         0  stubs.o ABSOLUTE
    _clock_init                               - Undefined Weak Reference
    __Vectors                                0x08000000   Data           4  stm32f10x.o(RESET)
    __main                                   0x080000ed   Thumb Code     0  entry.o(.ARM.Collect$$$$00000000)
    _main_stk                                0x080000ed   Thumb Code     0  entry2.o(.ARM.Collect$$$$00000001)
    _main_scatterload                        0x080000f1   Thumb Code     0  entry5.o(.ARM.Collect$$$$00000004)
    __main_after_scatterload                 0x080000f5   Thumb Code     0  entry5.o(.ARM.Collect$$$$00000004)
    _main_clock                              0x080000f5   Thumb Code     0  entry7b.o(.ARM.Collect$$$$00000008)
    _main_init                               0x080000f5   Thumb Code     0  entry8.o(.ARM.Collect$$$$00000009)
    vPortSVCHandler                          0x08000101   Thumb Code    28  port.o(.emb_text)
    vPortStartFirstTask                      0x08000121   Thumb Code    12  port.o(.emb_text)
    xPortPendSVHandler                       0x08000131   Thumb Code    56  port.o(.emb_text)
    vPortSetInterruptMask                    0x0800016d   Thumb Code    14  port.o(.emb_text)
    vPortClearInterruptMask                  0x0800017b   Thumb Code    14  port.o(.emb_text)
    Reset_Handler                            0x08000189   Thumb Code     4  stm32f10x.o(.text)
    NMI_Handler                              0x0800018d   Thumb Code     2  stm32f10x.o(.text)
    HardFault_Handler                        0x0800018f   Thumb Code     2  stm32f10x.o(.text)
    MemManage_Handler                        0x08000191   Thumb Code     2  stm32f10x.o(.text)
    BusFault_Handler                         0x08000193   Thumb Code     2  stm32f10x.o(.text)
    UsageFault_Handler                       0x08000195   Thumb Code     2  stm32f10x.o(.text)
    SVC_Handler                              0x08000197   Thumb Code     2  stm32f10x.o(.text)
    DebugMon_Handler                         0x08000199   Thumb Code     2  stm32f10x.o(.text)
    PendSV_Handler                           0x0800019b   Thumb Code     2  stm32f10x.o(.text)
    SysTick_Handler                          0x0800019d   Thumb Code     2  stm32f10x.o(.text)
    ADC_IRQHandler                           0x0800019f   Thumb Code     0  stm32f10x.o(.text)
    CAN_RX1_IRQHandler                       0x0800019f   Thumb Code     0  stm32f10x.o(.text)
    CAN_SCE_IRQHandler                       0x0800019f   Thumb Code     0  stm32f10x.o(.text)
    DMAChannel1_IRQHandler                   0x0800019f   Thumb Code     0  stm32f10x.o(.text)
    DMAChannel2_IRQHandler                   0x0800019f   Thumb Code     0  stm32f10x.o(.text)
    DMAChannel3_IRQHandler                   0x0800019f   Thumb Code     0  stm32f10x.o(.text)
    DMAChannel4_IRQHandler                   0x0800019f   Thumb Code     0  stm32f10x.o(.text)
    DMAChannel5_IRQHandler                   0x0800019f   Thumb Code     0  stm32f10x.o(.text)
    DMAChannel6_IRQHandler                   0x0800019f   Thumb Code     0  stm32f10x.o(.text)
    DMAChannel7_IRQHandler                   0x0800019f   Thumb Code     0  stm32f10x.o(.text)
    EXTI0_IRQHandler                         0x0800019f   Thumb Code     0  stm32f10x.o(.text)
    EXTI15_10_IRQHandler                     0x0800019f   Thumb Code     0  stm32f10x.o(.text)
    EXTI1_IRQHandler                         0x0800019f   Thumb Code     0  stm32f10x.o(.text)
    EXTI2_IRQHandler                         0x0800019f   Thumb Code     0  stm32f10x.o(.text)
    EXTI3_IRQHandler                         0x0800019f   Thumb Code     0  stm32f10x.o(.text)
    EXTI4_IRQHandler                         0x0800019f   Thumb Code     0  stm32f10x.o(.text)
    EXTI9_5_IRQHandler                       0x0800019f   Thumb Code     0  stm32f10x.o(.text)
    FLASH_IRQHandler                         0x0800019f   Thumb Code     0  stm32f10x.o(.text)
    I2C1_ER_IRQHandler                       0x0800019f   Thumb Code     0  stm32f10x.o(.text)
    I2C1_EV_IRQHandler                       0x0800019f   Thumb Code     0  stm32f10x.o(.text)
    I2C2_ER_IRQHandler                       0x0800019f   Thumb Code     0  stm32f10x.o(.text)
    I2C2_EV_IRQHandler                       0x0800019f   Thumb Code     0  stm32f10x.o(.text)
    PVD_IRQHandler                           0x0800019f   Thumb Code     0  stm32f10x.o(.text)
    RCC_IRQHandler                           0x0800019f   Thumb Code     0  stm32f10x.o(.text)
    RTCAlarm_IRQHandler                      0x0800019f   Thumb Code     0  stm32f10x.o(.text)
    RTC_IRQHandler                           0x0800019f   Thumb Code     0  stm32f10x.o(.text)
    SPI1_IRQHandler                          0x0800019f   Thumb Code     0  stm32f10x.o(.text)
    SPI2_IRQHandler                          0x0800019f   Thumb Code     0  stm32f10x.o(.text)
    TAMPER_IRQHandler                        0x0800019f   Thumb Code     0  stm32f10x.o(.text)
    TIM1_BRK_IRQHandler                      0x0800019f   Thumb Code     0  stm32f10x.o(.text)
    TIM1_CC_IRQHandler                       0x0800019f   Thumb Code     0  stm32f10x.o(.text)
    TIM1_TRG_COM_IRQHandler                  0x0800019f   Thumb Code     0  stm32f10x.o(.text)
    TIM1_UP_IRQHandler                       0x0800019f   Thumb Code     0  stm32f10x.o(.text)
    TIM2_IRQHandler                          0x0800019f   Thumb Code     0  stm32f10x.o(.text)
    TIM3_IRQHandler                          0x0800019f   Thumb Code     0  stm32f10x.o(.text)
    TIM4_IRQHandler                          0x0800019f   Thumb Code     0  stm32f10x.o(.text)
    USART1_IRQHandler                        0x0800019f   Thumb Code     0  stm32f10x.o(.text)
    USART2_IRQHandler                        0x0800019f   Thumb Code     0  stm32f10x.o(.text)
    USART3_IRQHandler                        0x0800019f   Thumb Code     0  stm32f10x.o(.text)
    USBWakeUp_IRQHandler                     0x0800019f   Thumb Code     0  stm32f10x.o(.text)
    USB_HP_CAN_TX_IRQHandler                 0x0800019f   Thumb Code     0  stm32f10x.o(.text)
    USB_LP_CAN_RX0_IRQHandler                0x0800019f   Thumb Code     0  stm32f10x.o(.text)
    WWDG_IRQHandler                          0x0800019f   Thumb Code     0  stm32f10x.o(.text)
    GPIO_DeInit                              0x080001a5   Thumb Code   238  stm32f10x_gpio.o(.text)
    GPIO_AFIODeInit                          0x08000293   Thumb Code    22  stm32f10x_gpio.o(.text)
    GPIO_Init                                0x080002a9   Thumb Code   294  stm32f10x_gpio.o(.text)
    GPIO_StructInit                          0x080003cf   Thumb Code    16  stm32f10x_gpio.o(.text)
    GPIO_ReadInputDataBit                    0x080003df   Thumb Code   162  stm32f10x_gpio.o(.text)
    GPIO_ReadInputData                       0x08000481   Thumb Code    62  stm32f10x_gpio.o(.text)
    GPIO_ReadOutputDataBit                   0x080004bf   Thumb Code   162  stm32f10x_gpio.o(.text)
    GPIO_ReadOutputData                      0x08000561   Thumb Code   124  stm32f10x_gpio.o(.text)
    GPIO_SetBits                             0x080005dd   Thumb Code    78  stm32f10x_gpio.o(.text)
    GPIO_ResetBits                           0x0800062b   Thumb Code    78  stm32f10x_gpio.o(.text)
    GPIO_WriteBit                            0x08000679   Thumb Code   182  stm32f10x_gpio.o(.text)
    GPIO_Write                               0x0800072f   Thumb Code    64  stm32f10x_gpio.o(.text)
    GPIO_PinLockConfig                       0x0800076f   Thumb Code    90  stm32f10x_gpio.o(.text)
    GPIO_EventOutputConfig                   0x080007c9   Thumb Code   130  stm32f10x_gpio.o(.text)
    GPIO_EventOutputCmd                      0x0800084b   Thumb Code    28  stm32f10x_gpio.o(.text)
    GPIO_PinRemapConfig                      0x08000867   Thumb Code   272  stm32f10x_gpio.o(.text)
    GPIO_EXTILineConfig                      0x08000977   Thumb Code   236  stm32f10x_gpio.o(.text)
    GPIO_ETH_MediaInterfaceConfig            0x08000a63   Thumb Code    28  stm32f10x_gpio.o(.text)
    RCC_DeInit                               0x08000a89   Thumb Code    50  stm32f10x_rcc.o(.text)
    RCC_HSEConfig                            0x08000abb   Thumb Code    76  stm32f10x_rcc.o(.text)
    RCC_GetFlagStatus                        0x08000b07   Thumb Code   100  stm32f10x_rcc.o(.text)
    RCC_WaitForHSEStartUp                    0x08000b6b   Thumb Code    40  stm32f10x_rcc.o(.text)
    RCC_AdjustHSICalibrationValue            0x08000b93   Thumb Code    34  stm32f10x_rcc.o(.text)
    RCC_HSICmd                               0x08000bb5   Thumb Code    26  stm32f10x_rcc.o(.text)
    RCC_PLLConfig                            0x08000bcf   Thumb Code   142  stm32f10x_rcc.o(.text)
    RCC_PLLCmd                               0x08000c5d   Thumb Code    26  stm32f10x_rcc.o(.text)
    RCC_SYSCLKConfig                         0x08000c77   Thumb Code    38  stm32f10x_rcc.o(.text)
    RCC_GetSYSCLKSource                      0x08000c9d   Thumb Code    10  stm32f10x_rcc.o(.text)
    RCC_HCLKConfig                           0x08000ca7   Thumb Code    62  stm32f10x_rcc.o(.text)
    RCC_PCLK1Config                          0x08000ce5   Thumb Code    54  stm32f10x_rcc.o(.text)
    RCC_PCLK2Config                          0x08000d1b   Thumb Code    56  stm32f10x_rcc.o(.text)
    RCC_ITConfig                             0x08000d53   Thumb Code    58  stm32f10x_rcc.o(.text)
    RCC_USBCLKConfig                         0x08000d8d   Thumb Code    26  stm32f10x_rcc.o(.text)
    RCC_ADCCLKConfig                         0x08000da7   Thumb Code    48  stm32f10x_rcc.o(.text)
    RCC_LSEConfig                            0x08000dd7   Thumb Code    58  stm32f10x_rcc.o(.text)
    RCC_LSICmd                               0x08000e11   Thumb Code    26  stm32f10x_rcc.o(.text)
    RCC_RTCCLKConfig                         0x08000e2b   Thumb Code    42  stm32f10x_rcc.o(.text)
    RCC_RTCCLKCmd                            0x08000e55   Thumb Code    88  stm32f10x_rcc.o(.text)
    RCC_GetClocksFreq                        0x08000ead   Thumb Code   152  stm32f10x_rcc.o(.text)
    RCC_AHBPeriphClockCmd                    0x08000f45   Thumb Code    68  stm32f10x_rcc.o(.text)
    RCC_APB2PeriphClockCmd                   0x08000f89   Thumb Code    68  stm32f10x_rcc.o(.text)
    RCC_APB1PeriphClockCmd                   0x08000fcd   Thumb Code    64  stm32f10x_rcc.o(.text)
    RCC_APB2PeriphResetCmd                   0x0800100d   Thumb Code    68  stm32f10x_rcc.o(.text)
    RCC_APB1PeriphResetCmd                   0x08001051   Thumb Code    64  stm32f10x_rcc.o(.text)
    RCC_BackupResetCmd                       0x08001091   Thumb Code    28  stm32f10x_rcc.o(.text)
    RCC_ClockSecuritySystemCmd               0x080010ad   Thumb Code    28  stm32f10x_rcc.o(.text)
    RCC_MCOConfig                            0x080010c9   Thumb Code    40  stm32f10x_rcc.o(.text)
    RCC_ClearFlag                            0x080010f1   Thumb Code    12  stm32f10x_rcc.o(.text)
    RCC_GetITStatus                          0x080010fd   Thumb Code    56  stm32f10x_rcc.o(.text)
    RCC_ClearITPendingBit                    0x08001135   Thumb Code    30  stm32f10x_rcc.o(.text)
    I2C_WriteDeviceRegister                  0x080011a1   Thumb Code   216  stm3210c_eval_ioe.o(.text)
    I2C_ReadDeviceRegister                   0x08001279   Thumb Code   316  stm3210c_eval_ioe.o(.text)
    IOE_TempSens_Config                      0x080013b5   Thumb Code    46  stm3210c_eval_ioe.o(.text)
    IOE_IOEdgeConfig                         0x080013e3   Thumb Code    72  stm3210c_eval_ioe.o(.text)
    IOE_IOAFConfig                           0x0800142b   Thumb Code    40  stm3210c_eval_ioe.o(.text)
    IOE_IOPinConfig                          0x08001453   Thumb Code    40  stm3210c_eval_ioe.o(.text)
    IOE_WriteIOPin                           0x0800147b   Thumb Code    50  stm3210c_eval_ioe.o(.text)
    IOE_FnctCmd                              0x080014ad   Thumb Code    40  stm3210c_eval_ioe.o(.text)
    IOE_TS_Config                            0x080014e3   Thumb Code   208  stm3210c_eval_ioe.o(.text)
    IOE_Reset                                0x080015b3   Thumb Code    34  stm3210c_eval_ioe.o(.text)
    IOE_ReadID                               0x080015d5   Thumb Code    26  stm3210c_eval_ioe.o(.text)
    IOE_IsOperational                        0x080015ef   Thumb Code    34  stm3210c_eval_ioe.o(.text)
    IOE_Config                               0x08001671   Thumb Code   198  stm3210c_eval_ioe.o(.text)
    IOE_GITConfig                            0x08001795   Thumb Code    40  stm3210c_eval_ioe.o(.text)
    IOE_GITCmd                               0x080017bd   Thumb Code    34  stm3210c_eval_ioe.o(.text)
    IOE_IOITConfig                           0x080017df   Thumb Code    40  stm3210c_eval_ioe.o(.text)
    IOE_ITOutConfig                          0x08001807   Thumb Code    60  stm3210c_eval_ioe.o(.text)
    IOE_ITConfig                             0x08001843   Thumb Code   166  stm3210c_eval_ioe.o(.text)
    IOE_ReadIOPin                            0x080018e9   Thumb Code    46  stm3210c_eval_ioe.o(.text)
    IOE_JoyStickGetState                     0x08001917   Thumb Code    66  stm3210c_eval_ioe.o(.text)
    I2C_ReadDataBuffer                       0x08001959   Thumb Code   346  stm3210c_eval_ioe.o(.text)
    IOE_TS_GetState                          0x08001b11   Thumb Code   106  stm3210c_eval_ioe.o(.text)
    IOE_TempSens_GetData                     0x08001b7b   Thumb Code    78  stm3210c_eval_ioe.o(.text)
    IOE_GetGITStatus                         0x08001bc9   Thumb Code    22  stm3210c_eval_ioe.o(.text)
    IOE_ClearGITPending                      0x08001bdf   Thumb Code    14  stm3210c_eval_ioe.o(.text)
    IOE_GetIOITStatus                        0x08001bed   Thumb Code    22  stm3210c_eval_ioe.o(.text)
    IOE_ClearIOITPending                     0x08001c03   Thumb Code    46  stm3210c_eval_ioe.o(.text)
    I2C_DeInit                               0x08001c3d   Thumb Code    72  stm32f10x_i2c.o(.text)
    I2C_Init                                 0x08001c85   Thumb Code   318  stm32f10x_i2c.o(.text)
    I2C_StructInit                           0x08001dc3   Thumb Code    28  stm32f10x_i2c.o(.text)
    I2C_Cmd                                  0x08001ddf   Thumb Code    66  stm32f10x_i2c.o(.text)
    I2C_DMACmd                               0x08001e21   Thumb Code    66  stm32f10x_i2c.o(.text)
    I2C_DMALastTransferCmd                   0x08001e63   Thumb Code    66  stm32f10x_i2c.o(.text)
    I2C_GenerateSTART                        0x08001ea5   Thumb Code    66  stm32f10x_i2c.o(.text)
    I2C_GenerateSTOP                         0x08001ee7   Thumb Code    66  stm32f10x_i2c.o(.text)
    I2C_AcknowledgeConfig                    0x08001f29   Thumb Code    66  stm32f10x_i2c.o(.text)
    I2C_OwnAddress2Config                    0x08001f6b   Thumb Code    44  stm32f10x_i2c.o(.text)
    I2C_DualAddressCmd                       0x08001f97   Thumb Code    66  stm32f10x_i2c.o(.text)
    I2C_GeneralCallCmd                       0x08001fd9   Thumb Code    66  stm32f10x_i2c.o(.text)
    I2C_ITConfig                             0x0800201b   Thumb Code   140  stm32f10x_i2c.o(.text)
    I2C_SendData                             0x080020a7   Thumb Code    34  stm32f10x_i2c.o(.text)
    I2C_ReceiveData                          0x080020c9   Thumb Code    34  stm32f10x_i2c.o(.text)
    I2C_Send7bitAddress                      0x080020eb   Thumb Code    66  stm32f10x_i2c.o(.text)
    I2C_ReadRegister                         0x0800212d   Thumb Code    82  stm32f10x_i2c.o(.text)
    I2C_SoftwareResetCmd                     0x0800217f   Thumb Code    70  stm32f10x_i2c.o(.text)
    I2C_SMBusAlertConfig                     0x080021c5   Thumb Code    82  stm32f10x_i2c.o(.text)
    I2C_TransmitPEC                          0x08002217   Thumb Code    70  stm32f10x_i2c.o(.text)
    I2C_PECPositionConfig                    0x0800225d   Thumb Code    82  stm32f10x_i2c.o(.text)
    I2C_CalculatePEC                         0x080022af   Thumb Code    70  stm32f10x_i2c.o(.text)
    I2C_GetPEC                               0x080022f5   Thumb Code    34  stm32f10x_i2c.o(.text)
    I2C_ARPCmd                               0x08002317   Thumb Code    70  stm32f10x_i2c.o(.text)
    I2C_StretchClockCmd                      0x0800235d   Thumb Code    70  stm32f10x_i2c.o(.text)
    I2C_FastModeDutyCycleConfig              0x080023a3   Thumb Code    82  stm32f10x_i2c.o(.text)
    I2C_GetLastEvent                         0x080023f5   Thumb Code    42  stm32f10x_i2c.o(.text)
    I2C_CheckEvent                           0x0800241f   Thumb Code   210  stm32f10x_i2c.o(.text)
    I2C_GetFlagStatus                        0x080024f1   Thumb Code   192  stm32f10x_i2c.o(.text)
    I2C_ClearFlag                            0x080025b1   Thumb Code    58  stm32f10x_i2c.o(.text)
    I2C_GetITStatus                          0x080025eb   Thumb Code   152  stm32f10x_i2c.o(.text)
    I2C_ClearITPendingBit                    0x08002683   Thumb Code    58  stm32f10x_i2c.o(.text)
    EXTI_DeInit                              0x080026f9   Thumb Code    28  stm32f10x_exti.o(.text)
    EXTI_Init                                0x08002715   Thumb Code   182  stm32f10x_exti.o(.text)
    EXTI_StructInit                          0x080027cb   Thumb Code    14  stm32f10x_exti.o(.text)
    EXTI_GenerateSWInterrupt                 0x080027d9   Thumb Code    30  stm32f10x_exti.o(.text)
    EXTI_GetFlagStatus                       0x080027f7   Thumb Code   134  stm32f10x_exti.o(.text)
    EXTI_ClearFlag                           0x0800287d   Thumb Code    26  stm32f10x_exti.o(.text)
    EXTI_GetITStatus                         0x08002897   Thumb Code   142  stm32f10x_exti.o(.text)
    EXTI_ClearITPendingBit                   0x08002925   Thumb Code    26  stm32f10x_exti.o(.text)
    NVIC_PriorityGroupConfig                 0x08002969   Thumb Code    52  misc.o(.text)
    NVIC_Init                                0x0800299d   Thumb Code   138  misc.o(.text)
    NVIC_SetVectorTable                      0x08002a27   Thumb Code    54  misc.o(.text)
    NVIC_SystemLPConfig                      0x08002a5d   Thumb Code    62  misc.o(.text)
    SysTick_CLKSourceConfig                  0x08002a9b   Thumb Code    48  misc.o(.text)
    GLCD_init                                0x08002b2d   Thumb Code   608  glcd.o(.text)
    GLCD_putPixel                            0x08002d8d   Thumb Code    38  glcd.o(.text)
    GLCD_drawLine                            0x08002db3   Thumb Code    94  glcd.o(.text)
    GLCD_drawRect                            0x08002e11   Thumb Code    66  glcd.o(.text)
    GLCD_fillRect                            0x08002e53   Thumb Code    42  glcd.o(.text)
    GLCD_setTextColor                        0x08002e7d   Thumb Code     6  glcd.o(.text)
    GLCD_setBackColor                        0x08002e83   Thumb Code     6  glcd.o(.text)
    GLCD_clear                               0x08002e89   Thumb Code    46  glcd.o(.text)
    GLCD_drawChar                            0x08002eb7   Thumb Code   138  glcd.o(.text)
    GLCD_displayChar                         0x08002f41   Thumb Code    16  glcd.o(.text)
    GLCD_displayStringLn                     0x08002f51   Thumb Code    42  glcd.o(.text)
    GLCD_clearLn                             0x08002f7b   Thumb Code     4  glcd.o(.text)
    GLCD_bitmap                              0x08002f7f   Thumb Code   108  glcd.o(.text)
    GPIO_Configuration                       0x08003079   Thumb Code    30  i2c_ee.o(.text)
    I2C_Configuration                        0x08003097   Thumb Code    60  i2c_ee.o(.text)
    I2C_EE_Init                              0x080030d3   Thumb Code    34  i2c_ee.o(.text)
    I2C_EE_ByteWrite                         0x080030f5   Thumb Code   138  i2c_ee.o(.text)
    I2C_EE_BufferRead                        0x0800317f   Thumb Code   252  i2c_ee.o(.text)
    I2C_EE_WaitEepromStandbyState            0x0800327b   Thumb Code    66  i2c_ee.o(.text)
    I2C_EE_PageWrite                         0x080032bd   Thumb Code   172  i2c_ee.o(.text)
    I2C_EE_BufferWrite                       0x08003369   Thumb Code   288  i2c_ee.o(.text)
    SystemInit                               0x0800351f   Thumb Code    50  system_stm32f10x.o(.text)
    prvSetupHardware                         0x08003561   Thumb Code   266  setup.o(.text)
    LED_out                                  0x0800366b   Thumb Code    70  setup.o(.text)
    assert_failed                            0x080036b1   Thumb Code    10  setup.o(.text)
    main                                     0x08003709   Thumb Code    76  main.o(.text)
    initDisplay                              0x08003761   Thumb Code    32  screen.o(.text)
    screenClear                              0x08003ce3   Thumb Code    40  screen.o(.text)
    screenOutputTextLine                     0x08003d0b   Thumb Code    54  screen.o(.text)
    screenOutputText                         0x08003d41   Thumb Code    74  screen.o(.text)
    screenQueryNumber                        0x08003d8b   Thumb Code   182  screen.o(.text)
    screenQueryChars                         0x08003e41   Thumb Code   222  screen.o(.text)
    screenMenu2                              0x08003f1f   Thumb Code   282  screen.o(.text)
    screenMenu3                              0x08004039   Thumb Code   366  screen.o(.text)
    screenTextOk                             0x080041a7   Thumb Code   110  screen.o(.text)
    setupAlarm                               0x080043b9   Thumb Code    52  alarm.o(.text)
    setupMasterAlarm                         0x0800454f   Thumb Code    26  master_alarm.o(.text)
    Buffercmp                                0x080045dd   Thumb Code    34  configure_alarm.o(.text)
    AssignBuffer                             0x080045ff   Thumb Code    22  configure_alarm.o(.text)
    Int2Buf                                  0x08004615   Thumb Code    52  configure_alarm.o(.text)
    configureAlarm                           0x08004649   Thumb Code   342  configure_alarm.o(.text)
    setupLED                                 0x0800486b   Thumb Code    26  led_display.o(.text)
    setupDoor1Sensor                         0x080048e9   Thumb Code    26  door1sensor.o(.text)
    setupDoor2Sensor                         0x08004973   Thumb Code    26  door2sensor.o(.text)
    pvPortMalloc                             0x080049ad   Thumb Code   170  heap_2.o(.text)
    vPortFree                                0x08004a57   Thumb Code    58  heap_2.o(.text)
    xPortGetFreeHeapSize                     0x08004a91   Thumb Code     6  heap_2.o(.text)
    vPortInitialiseBlocks                    0x08004a97   Thumb Code     2  heap_2.o(.text)
    vListInitialise                          0x08004aa1   Thumb Code    22  list.o(.text)
    vListInitialiseItem                      0x08004ab7   Thumb Code     6  list.o(.text)
    vListInsertEnd                           0x08004abd   Thumb Code    28  list.o(.text)
    vListInsert                              0x08004ad9   Thumb Code    48  list.o(.text)
    vListRemove                              0x08004b09   Thumb Code    36  list.o(.text)
    pxPortInitialiseStack                    0x08004b2d   Thumb Code    24  port.o(.text)
    xPortStartScheduler                      0x08004b53   Thumb Code    38  port.o(.text)
    vPortEndScheduler                        0x08004b79   Thumb Code     2  port.o(.text)
    vPortYieldFromISR                        0x08004b7b   Thumb Code    12  port.o(.text)
    vPortEnterCritical                       0x08004b87   Thumb Code    16  port.o(.text)
    vPortExitCritical                        0x08004b97   Thumb Code    18  port.o(.text)
    xPortSysTickHandler                      0x08004ba9   Thumb Code    28  port.o(.text)
    xQueueCreate                             0x08004bd1   Thumb Code    94  queue.o(.text)
    xQueueGenericSend                        0x08004d0b   Thumb Code   200  queue.o(.text)
    xQueueCreateMutex                        0x08004dd3   Thumb Code    68  queue.o(.text)
    xQueueGenericSendFromISR                 0x08004e17   Thumb Code    82  queue.o(.text)
    xQueueGenericReceive                     0x08004eab   Thumb Code   260  queue.o(.text)
    xQueueReceiveFromISR                     0x08004faf   Thumb Code    78  queue.o(.text)
    uxQueueMessagesWaiting                   0x08004ffd   Thumb Code    18  queue.o(.text)
    uxQueueMessagesWaitingFromISR            0x0800500f   Thumb Code     4  queue.o(.text)
    vQueueDelete                             0x08005013   Thumb Code    20  queue.o(.text)
    xQueueIsQueueEmptyFromISR                0x08005027   Thumb Code    12  queue.o(.text)
    xQueueIsQueueFullFromISR                 0x08005033   Thumb Code    16  queue.o(.text)
    xTaskGenericCreate                       0x08005105   Thumb Code   206  tasks.o(.text)
    vTaskDelete                              0x080051d3   Thumb Code    90  tasks.o(.text)
    vTaskIncrementTick                       0x0800522d   Thumb Code   116  tasks.o(.text)
    xTaskResumeAll                           0x080052a1   Thumb Code   168  tasks.o(.text)
    vTaskSuspendAll                          0x08005349   Thumb Code    10  tasks.o(.text)
    vTaskDelayUntil                          0x08005353   Thumb Code   112  tasks.o(.text)
    vTaskDelay                               0x080053c3   Thumb Code    76  tasks.o(.text)
    uxTaskPriorityGet                        0x0800540f   Thumb Code    34  tasks.o(.text)
    vTaskPrioritySet                         0x08005431   Thumb Code   146  tasks.o(.text)
    vTaskSwitchContext                       0x080054c3   Thumb Code    72  tasks.o(.text)
    vTaskSuspend                             0x0800550b   Thumb Code    92  tasks.o(.text)
    xTaskIsTaskSuspended                     0x08005567   Thumb Code    30  tasks.o(.text)
    vTaskResume                              0x08005585   Thumb Code    86  tasks.o(.text)
    xTaskResumeFromISR                       0x080055db   Thumb Code    88  tasks.o(.text)
    vTaskStartScheduler                      0x080056ad   Thumb Code    50  tasks.o(.text)
    vTaskEndScheduler                        0x080056df   Thumb Code    20  tasks.o(.text)
    xTaskGetTickCount                        0x080056f3   Thumb Code    18  tasks.o(.text)
    xTaskGetTickCountFromISR                 0x08005705   Thumb Code     6  tasks.o(.text)
    uxTaskGetNumberOfTasks                   0x0800570b   Thumb Code     6  tasks.o(.text)
    vTaskPlaceOnEventList                    0x08005711   Thumb Code    84  tasks.o(.text)
    xTaskRemoveFromEventList                 0x08005765   Thumb Code    92  tasks.o(.text)
    vTaskSetTimeOutState                     0x080057c1   Thumb Code    12  tasks.o(.text)
    xTaskCheckForTimeOut                     0x080057cd   Thumb Code    80  tasks.o(.text)
    vTaskMissedYield                         0x0800581d   Thumb Code     8  tasks.o(.text)
    xTaskGetCurrentTaskHandle                0x08005825   Thumb Code     6  tasks.o(.text)
    vTaskPriorityInherit                     0x0800582b   Thumb Code   114  tasks.o(.text)
    vTaskPriorityDisinherit                  0x0800589d   Thumb Code    66  tasks.o(.text)
    __aeabi_memcpy                           0x080058e9   Thumb Code    36  memcpya.o(.text)
    __aeabi_memcpy4                          0x080058e9   Thumb Code     0  memcpya.o(.text)
    __aeabi_memcpy8                          0x080058e9   Thumb Code     0  memcpya.o(.text)
    __aeabi_memset                           0x0800590d   Thumb Code    14  memseta.o(.text)
    __aeabi_memset4                          0x0800590d   Thumb Code     0  memseta.o(.text)
    __aeabi_memset8                          0x0800590d   Thumb Code     0  memseta.o(.text)
    __aeabi_memclr                           0x0800591b   Thumb Code     4  memseta.o(.text)
    __aeabi_memclr4                          0x0800591b   Thumb Code     0  memseta.o(.text)
    __aeabi_memclr8                          0x0800591b   Thumb Code     0  memseta.o(.text)
    _memset$wrapper                          0x0800591f   Thumb Code    20  memseta.o(.text)
    strncpy                                  0x08005933   Thumb Code    24  strncpy.o(.text)
    __aeabi_uidiv                            0x0800594b   Thumb Code     0  uidiv.o(.text)
    __aeabi_uidivmod                         0x0800594b   Thumb Code    44  uidiv.o(.text)
    __scatterload                            0x08005979   Thumb Code    28  init.o(.text)
    __scatterload_rt2                        0x08005979   Thumb Code     0  init.o(.text)
    __I$use$semihosting$fputc                0x0800599d   Thumb Code     0  iusesemip.o(.text)
    __decompress                             0x0800599d   Thumb Code     0  __dclz77c.o(.text)
    __decompress2                            0x0800599d   Thumb Code    96  __dclz77c.o(.text)
    __semihosting_library_function           0x0800599d   Thumb Code     0  semi.o(.text)
    __0printf$3                              0x080059fd   Thumb Code    22  printf3.o(i.__0printf$3)
    __1printf$3                              0x080059fd   Thumb Code     0  printf3.o(i.__0printf$3)
    __2printf                                0x080059fd   Thumb Code     0  printf3.o(i.__0printf$3)
    __scatterload_copy                       0x08005a1d   Thumb Code    14  handlers.o(i.__scatterload_copy)
    __scatterload_null                       0x08005a2b   Thumb Code     2  handlers.o(i.__scatterload_null)
    __scatterload_zeroinit                   0x08005a2d   Thumb Code    14  handlers.o(i.__scatterload_zeroinit)
    fputc                                    0x08005bf1   Thumb Code    18  fputc.o(i.fputc)
    SystemFrequency                          0x08005c04   Data           4  system_stm32f10x.o(.constdata)
    Region$$Table$$Base                      0x08005c08   Number         0  anon$$obj.o(Region$$Table)
    Region$$Table$$Limit                     0x08005c28   Number         0  anon$$obj.o(Region$$Table)
    TimeOut                                  0x20000014   Data           4  stm3210c_eval_ioe.o(.data)
    TS_State                                 0x20000024   Data           8  stm3210c_eval_ioe.o(.data)
    ASCII_Table                              0x20000032   Data        5376  glcd.o(.data)
    EEPROM_ADDRESS                           0x20001532   Data           2  i2c_ee.o(.data)
    alarmEventQueue                          0x20001534   Data           4  main.o(.data)
    lcdLock                                  0x20001538   Data           4  screen.o(.data)
    alarmActive                              0x2000153c   Data           1  alarm.o(.data)
    allowedTime                              0x2000153d   Data           1  alarm.o(.data)
    TransStatus                              0x2000153e   Data           1  master_alarm.o(.data)
    R_Buffer                                 0x2000153f   Data           5  master_alarm.o(.data)
    Buf                                      0x20001544   Data           5  master_alarm.o(.data)
    TransferStatus                           0x20001549   Data           1  configure_alarm.o(.data)
    flag                                     0x2000154a   Data           1  configure_alarm.o(.data)
    Rx1_Buffer                               0x2000154b   Data           5  configure_alarm.o(.data)
    Buffer                                   0x20001550   Data           5  configure_alarm.o(.data)
    Tx1_Buffer                               0x20001555   Data           6  configure_alarm.o(.data)
    toUseLED                                 0x2000155b   Data           1  led_display.o(.data)
    blinkingLED                              0x2000155c   Data           1  led_display.o(.data)
    pxCurrentTCB                             0x2000157c   Data           4  tasks.o(.data)
    __stdout                                 0x200015b4   Data           4  stdout.o(.data)
    __initial_sp                             0x2000f480   Data           0  stm32f10x.o(STACK)



==============================================================================

Memory Map of the image

  Image Entry point : 0x08000189

  Load Region LR_1 (Base: 0x08000000, Size: 0x000071e0, Max: 0xffffffff, ABSOLUTE, COMPRESSED[0x000063dc])

    Execution Region ER_RO (Base: 0x08000000, Size: 0x00005c28, Max: 0xffffffff, ABSOLUTE)

    Base Addr    Size         Type   Attr      Idx    E Section Name        Object

    0x08000000   0x000000ec   Data   RO            3    RESET               stm32f10x.o
    0x080000ec   0x00000000   Code   RO          552  * .ARM.Collect$$$$00000000  mc_w.l(entry.o)
    0x080000ec   0x00000004   Code   RO          824    .ARM.Collect$$$$00000001  mc_w.l(entry2.o)
    0x080000f0   0x00000004   Code   RO          827    .ARM.Collect$$$$00000004  mc_w.l(entry5.o)
    0x080000f4   0x00000000   Code   RO          829    .ARM.Collect$$$$00000008  mc_w.l(entry7b.o)
    0x080000f4   0x00000008   Code   RO          830    .ARM.Collect$$$$00000009  mc_w.l(entry8.o)
    0x080000fc   0x00000004   Code   RO          825    .ARM.Collect$$$$00002712  mc_w.l(entry2.o)
    0x08000100   0x00000088   Code   RO          488    .emb_text           port.o
    0x08000188   0x0000001c   Code   RO            4  * .text               stm32f10x.o
    0x080001a4   0x000008e4   Code   RO           10    .text               stm32f10x_gpio.o
    0x08000a88   0x000006e8   Code   RO           51    .text               stm32f10x_rcc.o
    0x08001170   0x00000acc   Code   RO           71    .text               stm3210c_eval_ioe.o
    0x08001c3c   0x00000abc   Code   RO          107    .text               stm32f10x_i2c.o
    0x080026f8   0x00000270   Code   RO          122    .text               stm32f10x_exti.o
    0x08002968   0x0000018c   Code   RO          137    .text               misc.o
    0x08002af4   0x00000584   Code   RO          152    .text               glcd.o
    0x08003078   0x00000410   Code   RO          173    .text               i2c_ee.o
    0x08003488   0x000000d8   Code   RO          191    .text               system_stm32f10x.o
    0x08003560   0x000001a8   Code   RO          213    .text               setup.o
    0x08003708   0x00000058   Code   RO          232    .text               main.o
    0x08003760   0x00000ac8   Code   RO          306    .text               screen.o
    0x08004228   0x00000224   Code   RO          341    .text               alarm.o
    0x0800444c   0x00000190   Code   RO          380    .text               master_alarm.o
    0x080045dc   0x00000228   Code   RO          398    .text               configure_alarm.o
    0x08004804   0x00000094   Code   RO          413    .text               led_display.o
    0x08004898   0x0000008c   Code   RO          431    .text               door1sensor.o
    0x08004924   0x00000088   Code   RO          443    .text               door2sensor.o
    0x080049ac   0x000000f4   Code   RO          455    .text               heap_2.o
    0x08004aa0   0x0000008c   Code   RO          476    .text               list.o
    0x08004b2c   0x000000a4   Code   RO          489    .text               port.o
    0x08004bd0   0x00000472   Code   RO          506    .text               queue.o
    0x08005042   0x00000002   PAD
    0x08005044   0x000008a4   Code   RO          524    .text               tasks.o
    0x080058e8   0x00000024   Code   RO          555    .text               mc_w.l(memcpya.o)
    0x0800590c   0x00000026   Code   RO          557    .text               mc_w.l(memseta.o)
    0x08005932   0x00000018   Code   RO          559    .text               mc_w.l(strncpy.o)
    0x0800594a   0x0000002c   Code   RO          834    .text               mc_w.l(uidiv.o)
    0x08005976   0x00000002   PAD
    0x08005978   0x00000024   Code   RO          849    .text               mc_w.l(init.o)
    0x0800599c   0x00000000   Code   RO          851    .text               mc_w.l(semi.o)
    0x0800599c   0x00000000   Code   RO          858    .text               mc_w.l(iusesemip.o)
    0x0800599c   0x00000060   Code   RO          869    .text               mc_w.l(__dclz77c.o)
    0x080059fc   0x00000020   Code   RO          652    i.__0printf$3       mc_w.l(printf3.o)
    0x08005a1c   0x0000000e   Code   RO          863    i.__scatterload_copy  mc_w.l(handlers.o)
    0x08005a2a   0x00000002   Code   RO          864    i.__scatterload_null  mc_w.l(handlers.o)
    0x08005a2c   0x0000000e   Code   RO          865    i.__scatterload_zeroinit  mc_w.l(handlers.o)
    0x08005a3a   0x00000002   PAD
    0x08005a3c   0x000001b4   Code   RO          659    i._printf_core      mc_w.l(printf3.o)
    0x08005bf0   0x00000012   Code   RO          831    i.fputc             mc_w.l(fputc.o)
    0x08005c02   0x00000002   PAD
    0x08005c04   0x00000004   Data   RO          192    .constdata          system_stm32f10x.o
    0x08005c08   0x00000020   Data   RO          861    Region$$Table       anon$$obj.o


    Execution Region ER_RW (Base: 0x20000000, Size: 0x000015b8, Max: 0xffffffff, ABSOLUTE, COMPRESSED[0x000007b4])

    Base Addr    Size         Type   Attr      Idx    E Section Name        Object

    0x20000000   0x00000014   Data   RW           52    .data               stm32f10x_rcc.o
    0x20000014   0x00000018   Data   RW           72    .data               stm3210c_eval_ioe.o
    0x2000002c   0x00001506   Data   RW          153    .data               glcd.o
    0x20001532   0x00000002   Data   RW          174    .data               i2c_ee.o
    0x20001534   0x00000004   Data   RW          233    .data               main.o
    0x20001538   0x00000004   Data   RW          307    .data               screen.o
    0x2000153c   0x00000002   Data   RW          342    .data               alarm.o
    0x2000153e   0x0000000b   Data   RW          381    .data               master_alarm.o
    0x20001549   0x00000012   Data   RW          399    .data               configure_alarm.o
    0x2000155b   0x00000002   Data   RW          414    .data               led_display.o
    0x2000155d   0x00000003   PAD
    0x20001560   0x00000018   Data   RW          457    .data               heap_2.o
    0x20001578   0x00000004   Data   RW          490    .data               port.o
    0x2000157c   0x00000038   Data   RW          526    .data               tasks.o
    0x200015b4   0x00000004   Data   RW          833    .data               mc_w.l(stdout.o)


    Execution Region ER_ZI (Base: 0x200015b8, Size: 0x0000dec8, Max: 0xffffffff, ABSOLUTE)

    Base Addr    Size         Type   Attr      Idx    E Section Name        Object

    0x200015b8   0x0000dc00   Zero   RW          456    .bss                heap_2.o
    0x2000f1b8   0x000000c8   Zero   RW          525    .bss                tasks.o
    0x2000f280   0x00000200   Zero   RW            1    STACK               stm32f10x.o


==============================================================================

Image component sizes


      Code (inc. data)   RO Data    RW Data    ZI Data      Debug   Object Name

       548         96          0          2          0       1443   alarm.o
       552        102          0         18          0       2383   configure_alarm.o
       140         34          0          0          0        731   door1sensor.o
       136         32          0          0          0        727   door2sensor.o
      1412         68          0       5382          0       6230   glcd.o
       244          8          0         24      56320       4528   heap_2.o
      1040         28          0          2          0       3665   i2c_ee.o
       148         20          0          2          0        922   led_display.o
       140          0          0          0          0       1665   list.o
        88         12          0          4          0       7305   main.o
       400        116          0         11          0       2210   master_alarm.o
       396         42          0          0          0       3625   misc.o
       300         24          0          4          0       2289   port.o
      1138          0          0          0          0       7539   queue.o
      2760         30          0          4          0       9094   screen.o
       424         78          0          0          0       1281   setup.o
      2764         54          0         24          0      34687   stm3210c_eval_ioe.o
        28          4        236          0        512        752   stm32f10x.o
       624         42          0          0          0       4783   stm32f10x_exti.o
      2276        154          0          0          0     227161   stm32f10x_gpio.o
      2748        124          0          0          0      19080   stm32f10x_i2c.o
      1768         90          0         20          0      18840   stm32f10x_rcc.o
       216         16          4          0          0       1517   system_stm32f10x.o
      2212         42          0         56        200      12897   tasks.o

    ----------------------------------------------------------------------
     22504       1216        272       5556      57032     375354   Object Totals
         0          0         32          0          0          0   (incl. Generated)
         2          0          0          3          0          0   (incl. Padding)

    ----------------------------------------------------------------------

      Code (inc. data)   RO Data    RW Data    ZI Data      Debug   Library Member Name

        96          0          0          0          0          0   __dclz77c.o
         0          0          0          0          0          0   entry.o
         8          4          0          0          0          0   entry2.o
         4          0          0          0          0          0   entry5.o
         0          0          0          0          0          0   entry7b.o
         8          4          0          0          0          0   entry8.o
        18          0          0          0          0         80   fputc.o
        30          0          0          0          0          0   handlers.o
        36          8          0          0          0         68   init.o
         0          0          0          0          0          0   iusesemip.o
        36          0          0          0          0         68   memcpya.o
        38          0          0          0          0        108   memseta.o
       468         14          0          0          0        180   printf3.o
         0          0          0          0          0          0   semi.o
         0          0          0          4          0          0   stdout.o
        24          0          0          0          0         76   strncpy.o
        44          0          0          0          0         80   uidiv.o

    ----------------------------------------------------------------------
       816         30          0          4          0        660   Library Totals
         6          0          0          0          0          0   (incl. Padding)

    ----------------------------------------------------------------------

      Code (inc. data)   RO Data    RW Data    ZI Data      Debug   Library Name

       810         30          0          4          0        660   mc_w.l

    ----------------------------------------------------------------------
       816         30          0          4          0        660   Library Totals

    ----------------------------------------------------------------------

==============================================================================


      Code (inc. data)   RO Data    RW Data    ZI Data      Debug   

     23320       1246        272       5560      57032     373622   Grand Totals
     23320       1246        272       1972      57032     373622   ELF Image Totals (compressed)
     23320       1246        272       1972          0          0   ROM Totals

==============================================================================

    Total RO  Size (Code + RO Data)                23592 (  23.04kB)
    Total RW  Size (RW Data + ZI Data)             62592 (  61.13kB)
    Total ROM Size (Code + RO Data + RW Data)      25564 (  24.96kB)

==============================================================================

